Archive member included to satisfy reference by file (symbol)

C:/ST/STM32CubeIDE_1.16.1/STM32CubeIDE/plugins/com.st.stm32cube.ide.mcu.externaltools.gnu-tools-for-stm32.12.3.rel1.win32_1.0.200.202406191623/tools/bin/../lib/gcc/arm-none-eabi/12.3.1/../../../../arm-none-eabi/lib/thumb/v7-m/nofp\libc_nano.a(libc_a-exit.o)
                              C:/ST/STM32CubeIDE_1.16.1/STM32CubeIDE/plugins/com.st.stm32cube.ide.mcu.externaltools.gnu-tools-for-stm32.12.3.rel1.win32_1.0.200.202406191623/tools/bin/../lib/gcc/arm-none-eabi/12.3.1/../../../../arm-none-eabi/lib/thumb/v7-m/nofp/crt0.o (exit)
C:/ST/STM32CubeIDE_1.16.1/STM32CubeIDE/plugins/com.st.stm32cube.ide.mcu.externaltools.gnu-tools-for-stm32.12.3.rel1.win32_1.0.200.202406191623/tools/bin/../lib/gcc/arm-none-eabi/12.3.1/../../../../arm-none-eabi/lib/thumb/v7-m/nofp\libc_nano.a(libc_a-findfp.o)
                              C:/ST/STM32CubeIDE_1.16.1/STM32CubeIDE/plugins/com.st.stm32cube.ide.mcu.externaltools.gnu-tools-for-stm32.12.3.rel1.win32_1.0.200.202406191623/tools/bin/../lib/gcc/arm-none-eabi/12.3.1/../../../../arm-none-eabi/lib/thumb/v7-m/nofp\libc_nano.a(libc_a-exit.o) (__stdio_exit_handler)
C:/ST/STM32CubeIDE_1.16.1/STM32CubeIDE/plugins/com.st.stm32cube.ide.mcu.externaltools.gnu-tools-for-stm32.12.3.rel1.win32_1.0.200.202406191623/tools/bin/../lib/gcc/arm-none-eabi/12.3.1/../../../../arm-none-eabi/lib/thumb/v7-m/nofp\libc_nano.a(libc_a-fwalk.o)
                              C:/ST/STM32CubeIDE_1.16.1/STM32CubeIDE/plugins/com.st.stm32cube.ide.mcu.externaltools.gnu-tools-for-stm32.12.3.rel1.win32_1.0.200.202406191623/tools/bin/../lib/gcc/arm-none-eabi/12.3.1/../../../../arm-none-eabi/lib/thumb/v7-m/nofp\libc_nano.a(libc_a-findfp.o) (_fwalk_sglue)
C:/ST/STM32CubeIDE_1.16.1/STM32CubeIDE/plugins/com.st.stm32cube.ide.mcu.externaltools.gnu-tools-for-stm32.12.3.rel1.win32_1.0.200.202406191623/tools/bin/../lib/gcc/arm-none-eabi/12.3.1/../../../../arm-none-eabi/lib/thumb/v7-m/nofp\libc_nano.a(libc_a-stdio.o)
                              C:/ST/STM32CubeIDE_1.16.1/STM32CubeIDE/plugins/com.st.stm32cube.ide.mcu.externaltools.gnu-tools-for-stm32.12.3.rel1.win32_1.0.200.202406191623/tools/bin/../lib/gcc/arm-none-eabi/12.3.1/../../../../arm-none-eabi/lib/thumb/v7-m/nofp\libc_nano.a(libc_a-findfp.o) (__sread)
C:/ST/STM32CubeIDE_1.16.1/STM32CubeIDE/plugins/com.st.stm32cube.ide.mcu.externaltools.gnu-tools-for-stm32.12.3.rel1.win32_1.0.200.202406191623/tools/bin/../lib/gcc/arm-none-eabi/12.3.1/../../../../arm-none-eabi/lib/thumb/v7-m/nofp\libc_nano.a(libc_a-memset.o)
                              C:/ST/STM32CubeIDE_1.16.1/STM32CubeIDE/plugins/com.st.stm32cube.ide.mcu.externaltools.gnu-tools-for-stm32.12.3.rel1.win32_1.0.200.202406191623/tools/bin/../lib/gcc/arm-none-eabi/12.3.1/../../../../arm-none-eabi/lib/thumb/v7-m/nofp/crt0.o (memset)
C:/ST/STM32CubeIDE_1.16.1/STM32CubeIDE/plugins/com.st.stm32cube.ide.mcu.externaltools.gnu-tools-for-stm32.12.3.rel1.win32_1.0.200.202406191623/tools/bin/../lib/gcc/arm-none-eabi/12.3.1/../../../../arm-none-eabi/lib/thumb/v7-m/nofp\libc_nano.a(libc_a-closer.o)
                              C:/ST/STM32CubeIDE_1.16.1/STM32CubeIDE/plugins/com.st.stm32cube.ide.mcu.externaltools.gnu-tools-for-stm32.12.3.rel1.win32_1.0.200.202406191623/tools/bin/../lib/gcc/arm-none-eabi/12.3.1/../../../../arm-none-eabi/lib/thumb/v7-m/nofp\libc_nano.a(libc_a-stdio.o) (_close_r)
C:/ST/STM32CubeIDE_1.16.1/STM32CubeIDE/plugins/com.st.stm32cube.ide.mcu.externaltools.gnu-tools-for-stm32.12.3.rel1.win32_1.0.200.202406191623/tools/bin/../lib/gcc/arm-none-eabi/12.3.1/../../../../arm-none-eabi/lib/thumb/v7-m/nofp\libc_nano.a(libc_a-reent.o)
                              C:/ST/STM32CubeIDE_1.16.1/STM32CubeIDE/plugins/com.st.stm32cube.ide.mcu.externaltools.gnu-tools-for-stm32.12.3.rel1.win32_1.0.200.202406191623/tools/bin/../lib/gcc/arm-none-eabi/12.3.1/../../../../arm-none-eabi/lib/thumb/v7-m/nofp\libc_nano.a(libc_a-closer.o) (errno)
C:/ST/STM32CubeIDE_1.16.1/STM32CubeIDE/plugins/com.st.stm32cube.ide.mcu.externaltools.gnu-tools-for-stm32.12.3.rel1.win32_1.0.200.202406191623/tools/bin/../lib/gcc/arm-none-eabi/12.3.1/../../../../arm-none-eabi/lib/thumb/v7-m/nofp\libc_nano.a(libc_a-impure.o)
                              C:/ST/STM32CubeIDE_1.16.1/STM32CubeIDE/plugins/com.st.stm32cube.ide.mcu.externaltools.gnu-tools-for-stm32.12.3.rel1.win32_1.0.200.202406191623/tools/bin/../lib/gcc/arm-none-eabi/12.3.1/../../../../arm-none-eabi/lib/thumb/v7-m/nofp\libc_nano.a(libc_a-reent.o) (_impure_ptr)
C:/ST/STM32CubeIDE_1.16.1/STM32CubeIDE/plugins/com.st.stm32cube.ide.mcu.externaltools.gnu-tools-for-stm32.12.3.rel1.win32_1.0.200.202406191623/tools/bin/../lib/gcc/arm-none-eabi/12.3.1/../../../../arm-none-eabi/lib/thumb/v7-m/nofp\libc_nano.a(libc_a-lseekr.o)
[...]
Memory Configuration

Name             Origin             Length             Attributes
RAM              0x20000000         0x00005000         xrw
FLASH            0x08000000         0x00010000         xr
*default*        0x00000000         0xffffffff

Linker script and memory map

LOAD C:/ST/STM32CubeIDE_1.16.1/STM32CubeIDE/plugins/com.st.stm32cube.ide.mcu.externaltools.gnu-tools-for-stm32.12.3.rel1.win32_1.0.200.202406191623/tools/bin/../lib/gcc/arm-none-eabi/12.3.1/thumb/v7-m/nofp/crti.o
LOAD C:/ST/STM32CubeIDE_1.16.1/STM32CubeIDE/plugins/com.st.stm32cube.ide.mcu.externaltools.gnu-tools-for-stm32.12.3.rel1.win32_1.0.200.202406191623/tools/bin/../lib/gcc/arm-none-eabi/12.3.1/thumb/v7-m/nofp/crtbegin.o
LOAD C:/ST/STM32CubeIDE_1.16.1/STM32CubeIDE/plugins/com.st.stm32cube.ide.mcu.externaltools.gnu-tools-for-stm32.12.3.rel1.win32_1.0.200.202406191623/tools/bin/../lib/gcc/arm-none-eabi/12.3.1/../../../../arm-none-eabi/lib/thumb/v7-m/nofp/crt0.o
LOAD ./Core/Src/main.o
LOAD ./Core/Src/stm32f1xx_hal_msp.o
LOAD ./Core/Src/stm32f1xx_it.o
LOAD ./Core/Src/syscalls.o
LOAD ./Core/Src/sysmem.o
LOAD ./Core/Src/system_stm32f1xx.o
LOAD ./Core/Startup/startup_stm32f103c8tx.o
LOAD ./Drivers/STM32F1xx_HAL_Driver/Src/stm32f1xx_hal.o
LOAD ./Drivers/STM32F1xx_HAL_Driver/Src/stm32f1xx_hal_cortex.o
LOAD ./Drivers/STM32F1xx_HAL_Driver/Src/stm32f1xx_hal_dma.o
LOAD ./Drivers/STM32F1xx_HAL_Driver/Src/stm32f1xx_hal_exti.o
LOAD ./Drivers/STM32F1xx_HAL_Driver/Src/stm32f1xx_hal_flash.o
LOAD ./Drivers/STM32F1xx_HAL_Driver/Src/stm32f1xx_hal_flash_ex.o
LOAD ./Drivers/STM32F1xx_HAL_Driver/Src/stm32f1xx_hal_gpio.o
LOAD ./Drivers/STM32F1xx_HAL_Driver/Src/stm32f1xx_hal_gpio_ex.o
LOAD ./Drivers/STM32F1xx_HAL_Driver/Src/stm32f1xx_hal_pcd.o
LOAD ./Drivers/STM32F1xx_HAL_Driver/Src/stm32f1xx_hal_pcd_ex.o
LOAD ./Drivers/STM32F1xx_HAL_Driver/Src/stm32f1xx_hal_pwr.o
LOAD ./Drivers/STM32F1xx_HAL_Driver/Src/stm32f1xx_hal_rcc.o
LOAD ./Drivers/STM32F1xx_HAL_Driver/Src/stm32f1xx_hal_rcc_ex.o
LOAD ./Drivers/STM32F1xx_HAL_Driver/Src/stm32f1xx_hal_tim.o
LOAD ./Drivers/STM32F1xx_HAL_Driver/Src/stm32f1xx_hal_tim_ex.o
LOAD ./Drivers/STM32F1xx_HAL_Driver/Src/stm32f1xx_ll_usb.o
LOAD ./Middlewares/ST/STM32_USB_Device_Library/Class/CDC/Src/usbd_cdc.o
LOAD ./Middlewares/ST/STM32_USB_Device_Library/Core/Src/usbd_core.o
LOAD ./Middlewares/ST/STM32_USB_Device_Library/Core/Src/usbd_ctlreq.o
LOAD ./Middlewares/ST/STM32_USB_Device_Library/Core/Src/usbd_ioreq.o
LOAD ./USB_DEVICE/App/usb_device.o
LOAD ./USB_DEVICE/App/usbd_cdc_if.o
LOAD ./USB_DEVICE/App/usbd_desc.o
LOAD ./USB_DEVICE/Target/usbd_conf.o
START GROUP
LOAD C:/ST/STM32CubeIDE_1.16.1/STM32CubeIDE/plugins/com.st.stm32cube.ide.mcu.externaltools.gnu-tools-for-stm32.12.3.rel1.win32_1.0.200.202406191623/tools/bin/../lib/gcc/arm-none-eabi/12.3.1/../../../../arm-none-eabi/lib/thumb/v7-m/nofp\libc_nano.a
LOAD C:/ST/STM32CubeIDE_1.16.1/STM32CubeIDE/plugins/com.st.stm32cube.ide.mcu.externaltools.gnu-tools-for-stm32.12.3.rel1.win32_1.0.200.202406191623/tools/bin/../lib/gcc/arm-none-eabi/12.3.1/../../../../arm-none-eabi/lib/thumb/v7-m/nofp\libm.a
END GROUP
START GROUP
LOAD C:/ST/STM32CubeIDE_1.16.1/STM32CubeIDE/plugins/com.st.stm32cube.ide.mcu.externaltools.gnu-tools-for-stm32.12.3.rel1.win32_1.0.200.202406191623/tools/bin/../lib/gcc/arm-none-eabi/12.3.1/thumb/v7-m/nofp\libgcc.a
LOAD C:/ST/STM32CubeIDE_1.16.1/STM32CubeIDE/plugins/com.st.stm32cube.ide.mcu.externaltools.gnu-tools-for-stm32.12.3.rel1.win32_1.0.200.202406191623/tools/bin/../lib/gcc/arm-none-eabi/12.3.1/../../../../arm-none-eabi/lib/thumb/v7-m/nofp\libc_nano.a
END GROUP
START GROUP
LOAD C:/ST/STM32CubeIDE_1.16.1/STM32CubeIDE/plugins/com.st.stm32cube.ide.mcu.externaltools.gnu-tools-for-stm32.12.3.rel1.win32_1.0.200.202406191623/tools/bin/../lib/gcc/arm-none-eabi/12.3.1/thumb/v7-m/nofp\libgcc.a
LOAD C:/ST/STM32CubeIDE_1.16.1/STM32CubeIDE/plugins/com.st.stm32cube.ide.mcu.externaltools.gnu-tools-for-stm32.12.3.rel1.win32_1.0.200.202406191623/tools/bin/../lib/gcc/arm-none-eabi/12.3.1/../../../../arm-none-eabi/lib/thumb/v7-m/nofp\libc_nano.a
LOAD C:/ST/STM32CubeIDE_1.16.1/STM32CubeIDE/plugins/com.st.stm32cube.ide.mcu.externaltools.gnu-tools-for-stm32.12.3.rel1.win32_1.0.200.202406191623/tools/bin/../lib/gcc/arm-none-eabi/12.3.1/../../../../arm-none-eabi/lib/thumb/v7-m/nofp\libnosys.a
END GROUP
START GROUP
LOAD C:/ST/STM32CubeIDE_1.16.1/STM32CubeIDE/plugins/com.st.stm32cube.ide.mcu.externaltools.gnu-tools-for-stm32.12.3.rel1.win32_1.0.200.202406191623/tools/bin/../lib/gcc/arm-none-eabi/12.3.1/thumb/v7-m/nofp\libgcc.a
LOAD C:/ST/STM32CubeIDE_1.16.1/STM32CubeIDE/plugins/com.st.stm32cube.ide.mcu.externaltools.gnu-tools-for-stm32.12.3.rel1.win32_1.0.200.202406191623/tools/bin/../lib/gcc/arm-none-eabi/12.3.1/../../../../arm-none-eabi/lib/thumb/v7-m/nofp\libc_nano.a
LOAD C:/ST/STM32CubeIDE_1.16.1/STM32CubeIDE/plugins/com.st.stm32cube.ide.mcu.externaltools.gnu-tools-for-stm32.12.3.rel1.win32_1.0.200.202406191623/tools/bin/../lib/gcc/arm-none-eabi/12.3.1/../../../../arm-none-eabi/lib/thumb/v7-m/nofp\libnosys.a
END GROUP
LOAD C:/ST/STM32CubeIDE_1.16.1/STM32CubeIDE/plugins/com.st.stm32cube.ide.mcu.externaltools.gnu-tools-for-stm32.12.3.rel1.win32_1.0.200.202406191623/tools/bin/../lib/gcc/arm-none-eabi/12.3.1/thumb/v7-m/nofp/crtend.o
LOAD C:/ST/STM32CubeIDE_1.16.1/STM32CubeIDE/plugins/com.st.stm32cube.ide.mcu.externaltools.gnu-tools-for-stm32.12.3.rel1.win32_1.0.200.202406191623/tools/bin/../lib/gcc/arm-none-eabi/12.3.1/thumb/v7-m/nofp/crtn.o
                0x20005000                        _estack = (ORIGIN (RAM) + LENGTH (RAM))
                0x00000200                        _Min_Heap_Size = 0x200
                0x00000400                        _Min_Stack_Size = 0x400

.isr_vector     0x08000000      0x10c
                0x08000000                        . = ALIGN (0x4)
 *(.isr_vector)
 .isr_vector    0x08000000      0x10c ./Core/Startup/startup_stm32f103c8tx.o
                0x08000000                g_pfnVectors
                0x0800010c                        . = ALIGN (0x4)

.text           0x0800010c     0x7180
                0x0800010c                        . = ALIGN (0x4)
 *(.text)
 .text          0x0800010c       0x40 C:/ST/STM32CubeIDE_1.16.1/STM32CubeIDE/plugins/com.st.stm32cube.ide.mcu.externaltools.gnu-tools-for-stm32.12.3.rel1.win32_1.0.200.202406191623/tools/bin/../lib/gcc/arm-none-eabi/12.3.1/thumb/v7-m/nofp/crtbegin.o
 .text          0x0800014c       0x14 C:/ST/STM32CubeIDE_1.16.1/STM32CubeIDE/plugins/com.st.stm32cube.ide.mcu.externaltools.gnu-tools-for-stm32.12.3.rel1.win32_1.0.200.202406191623/tools/bin/../lib/gcc/arm-none-eabi/12.3.1/../../../../arm-none-eabi/lib/thumb/v7-m/nofp\libc_nano.a(libc_a-strcmp.o)
                0x0800014c                strcmp
 .text          0x08000160       0x10 C:/ST/STM32CubeIDE_1.16.1/STM32CubeIDE/plugins/com.st.stm32cube.ide.mcu.externaltools.gnu-tools-for-stm32.12.3.rel1.win32_1.0.200.202406191623/tools/bin/../lib/gcc/arm-none-eabi/12.3.1/../../../../arm-none-eabi/lib/thumb/v7-m/nofp\libc_nano.a(libc_a-strlen.o)
                0x08000160                strlen
 *(.text*)
 .text.main     0x08000170       0x28 ./Core/Src/main.o
                0x08000170                main
 .text.SystemClock_Config
                0x08000198       0xb4 ./Core/Src/main.o
                0x08000198                SystemClock_Config
 .text.MX_GPIO_Init
                0x0800024c       0x44 ./Core/Src/main.o
 .text.Error_Handler
                0x08000290        0xc ./Core/Src/main.o
                0x08000290                Error_Handler
 .text.HAL_MspInit
                0x0800029c       0x64 ./Core/Src/stm32f1xx_hal_msp.o
                0x0800029c                HAL_MspInit
 .text.NMI_Handler
                0x08000300        0x8 ./Core/Src/stm32f1xx_it.o
                0x08000300                NMI_Handler
 .text.HardFault_Handler
                0x08000308        0x8 ./Core/Src/stm32f1xx_it.o
                0x08000308                HardFault_Handler
 .text.MemManage_Handler
                0x08000310        0x8 ./Core/Src/stm32f1xx_it.o
                0x08000310                MemManage_Handler
 .text.BusFault_Handler
                0x08000318        0x8 ./Core/Src/stm32f1xx_it.o
                0x08000318                BusFault_Handler
 .text.UsageFault_Handler
                0x08000320        0x8 ./Core/Src/stm32f1xx_it.o
                0x08000320                UsageFault_Handler
 .text.SVC_Handler
                0x08000328        0xc ./Core/Src/stm32f1xx_it.o
                0x08000328                SVC_Handler
 .text.DebugMon_Handler
                0x08000334        0xc ./Core/Src/stm32f1xx_it.o
                0x08000334                DebugMon_Handler
 .text.PendSV_Handler
                0x08000340        0xc ./Core/Src/stm32f1xx_it.o
                0x08000340                PendSV_Handler
 .text.SysTick_Handler
                0x0800034c        0xc ./Core/Src/stm32f1xx_it.o
                0x0800034c                SysTick_Handler
 .text.USB_LP_CAN1_RX0_IRQHandler
                0x08000358       0x14 ./Core/Src/stm32f1xx_it.o
                0x08000358                USB_LP_CAN1_RX0_IRQHandler
 .text.SystemInit
                0x0800036c        0xc ./Core/Src/system_stm32f1xx.o
                0x0800036c                SystemInit
 .text.Reset_Handler
                0x08000378       0x48 ./Core/Startup/startup_stm32f103c8tx.o
                0x08000378                Reset_Handler
 .text.Default_Handler
                0x080003c0        0x2 ./Core/Startup/startup_stm32f103c8tx.o
                0x080003c0                RTC_Alarm_IRQHandler
                0x080003c0                EXTI2_IRQHandler
                0x080003c0                TIM1_CC_IRQHandler
                0x080003c0                PVD_IRQHandler
                0x080003c0                EXTI3_IRQHandler
                0x080003c0                EXTI0_IRQHandler
                0x080003c0                I2C2_EV_IRQHandler
                0x080003c0                ADC1_2_IRQHandler
                0x080003c0                SPI1_IRQHandler
                0x080003c0                TAMPER_IRQHandler
                0x080003c0                DMA1_Channel4_IRQHandler
                0x080003c0                USART3_IRQHandler
                0x080003c0                RTC_IRQHandler
                0x080003c0                DMA1_Channel7_IRQHandler
                0x080003c0                CAN1_RX1_IRQHandler
                0x080003c0                TIM4_IRQHandler
                0x080003c0                I2C1_EV_IRQHandler
                0x080003c0                DMA1_Channel6_IRQHandler
                0x080003c0                TIM3_IRQHandler
                0x080003c0                RCC_IRQHandler
                0x080003c0                TIM1_TRG_COM_IRQHandler
                0x080003c0                DMA1_Channel1_IRQHandler
                0x080003c0                Default_Handler
                0x080003c0                EXTI15_10_IRQHandler
                0x080003c0                EXTI9_5_IRQHandler
                0x080003c0                SPI2_IRQHandler
                0x080003c0                DMA1_Channel5_IRQHandler
                0x080003c0                EXTI4_IRQHandler
                0x080003c0                USB_HP_CAN1_TX_IRQHandler
                0x080003c0                DMA1_Channel3_IRQHandler
                0x080003c0                TIM1_UP_IRQHandler
                0x080003c0                WWDG_IRQHandler
                0x080003c0                TIM2_IRQHandler
                0x080003c0                TIM1_BRK_IRQHandler
                0x080003c0                EXTI1_IRQHandler
                0x080003c0                USART2_IRQHandler
                0x080003c0                I2C2_ER_IRQHandler
                0x080003c0                DMA1_Channel2_IRQHandler
                0x080003c0                CAN1_SCE_IRQHandler
                0x080003c0                FLASH_IRQHandler
                0x080003c0                USART1_IRQHandler
                0x080003c0                I2C1_ER_IRQHandler
                0x080003c0                USBWakeUp_IRQHandler
 *fill*         0x080003c2        0x2 
 .text.HAL_Init
                0x080003c4       0x2c ./Drivers/STM32F1xx_HAL_Driver/Src/stm32f1xx_hal.o
                0x080003c4                HAL_Init
 .text.HAL_InitTick
                0x080003f0       0x60 ./Drivers/STM32F1xx_HAL_Driver/Src/stm32f1xx_hal.o
                0x080003f0                HAL_InitTick
 .text.HAL_IncTick
                0x08000450       0x24 ./Drivers/STM32F1xx_HAL_Driver/Src/stm32f1xx_hal.o
                0x08000450                HAL_IncTick
 .text.HAL_GetTick
                0x08000474       0x14 ./Drivers/STM32F1xx_HAL_Driver/Src/stm32f1xx_hal.o
                0x08000474                HAL_GetTick
 .text.__NVIC_SetPriorityGrouping
                0x08000488       0x48 ./Drivers/STM32F1xx_HAL_Driver/Src/stm32f1xx_hal_cortex.o
 .text.__NVIC_GetPriorityGrouping
                0x080004d0       0x1c ./Drivers/STM32F1xx_HAL_Driver/Src/stm32f1xx_hal_cortex.o
 .text.__NVIC_EnableIRQ
                0x080004ec       0x38 ./Drivers/STM32F1xx_HAL_Driver/Src/stm32f1xx_hal_cortex.o
 .text.__NVIC_SetPriority
                0x08000524       0x54 ./Drivers/STM32F1xx_HAL_Driver/Src/stm32f1xx_hal_cortex.o
 .text.NVIC_EncodePriority
                0x08000578       0x64 ./Drivers/STM32F1xx_HAL_Driver/Src/stm32f1xx_hal_cortex.o
 .text.SysTick_Config
                0x080005dc       0x44 ./Drivers/STM32F1xx_HAL_Driver/Src/stm32f1xx_hal_cortex.o
 .text.HAL_NVIC_SetPriorityGrouping
                0x08000620       0x16 ./Drivers/STM32F1xx_HAL_Driver/Src/stm32f1xx_hal_cortex.o
                0x08000620                HAL_NVIC_SetPriorityGrouping
 .text.HAL_NVIC_SetPriority
                0x08000636       0x38 ./Drivers/STM32F1xx_HAL_Driver/Src/stm32f1xx_hal_cortex.o
                0x08000636                HAL_NVIC_SetPriority
 .text.HAL_NVIC_EnableIRQ
                0x0800066e       0x1c ./Drivers/STM32F1xx_HAL_Driver/Src/stm32f1xx_hal_cortex.o
                0x0800066e                HAL_NVIC_EnableIRQ
 .text.HAL_SYSTICK_Config
                0x0800068a       0x18 ./Drivers/STM32F1xx_HAL_Driver/Src/stm32f1xx_hal_cortex.o
                0x0800068a                HAL_SYSTICK_Config
 .text.HAL_PCD_Init
                0x080006a2      0x1ec ./Drivers/STM32F1xx_HAL_Driver/Src/stm32f1xx_hal_pcd.o
                0x080006a2                HAL_PCD_Init
 .text.HAL_PCD_Start
                0x0800088e       0x4c ./Drivers/STM32F1xx_HAL_Driver/Src/stm32f1xx_hal_pcd.o
                0x0800088e                HAL_PCD_Start
 .text.HAL_PCD_IRQHandler
                0x080008da      0x260 ./Drivers/STM32F1xx_HAL_Driver/Src/stm32f1xx_hal_pcd.o
                0x080008da                HAL_PCD_IRQHandler
 .text.HAL_PCD_SetAddress
                0x08000b3a       0x48 ./Drivers/STM32F1xx_HAL_Driver/Src/stm32f1xx_hal_pcd.o
                0x08000b3a                HAL_PCD_SetAddress
 .text.HAL_PCD_EP_Open
                0x08000b82       0xba ./Drivers/STM32F1xx_HAL_Driver/Src/stm32f1xx_hal_pcd.o
                0x08000b82                HAL_PCD_EP_Open
 .text.HAL_PCD_EP_Close
                0x08000c3c       0x90 ./Drivers/STM32F1xx_HAL_Driver/Src/stm32f1xx_hal_pcd.o
                0x08000c3c                HAL_PCD_EP_Close
 .text.HAL_PCD_EP_Receive
                0x08000ccc       0x62 ./Drivers/STM32F1xx_HAL_Driver/Src/stm32f1xx_hal_pcd.o
                0x08000ccc                HAL_PCD_EP_Receive
 .text.HAL_PCD_EP_GetRxCount
                0x08000d2e       0x2e ./Drivers/STM32F1xx_HAL_Driver/Src/stm32f1xx_hal_pcd.o
                0x08000d2e                HAL_PCD_EP_GetRxCount
 .text.HAL_PCD_EP_Transmit
                0x08000d5c       0x6e ./Drivers/STM32F1xx_HAL_Driver/Src/stm32f1xx_hal_pcd.o
                0x08000d5c                HAL_PCD_EP_Transmit
 .text.HAL_PCD_EP_SetStall
                0x08000dca       0xc0 ./Drivers/STM32F1xx_HAL_Driver/Src/stm32f1xx_hal_pcd.o
                0x08000dca                HAL_PCD_EP_SetStall
 .text.HAL_PCD_EP_ClrStall
                0x08000e8a       0xa8 ./Drivers/STM32F1xx_HAL_Driver/Src/stm32f1xx_hal_pcd.o
                0x08000e8a                HAL_PCD_EP_ClrStall
 .text.PCD_EP_ISR_Handler
                0x08000f32      0x79e ./Drivers/STM32F1xx_HAL_Driver/Src/stm32f1xx_hal_pcd.o
 .text.HAL_PCD_EP_DB_Receive
                0x080016d0      0x21a ./Drivers/STM32F1xx_HAL_Driver/Src/stm32f1xx_hal_pcd.o
 .text.HAL_PCD_EP_DB_Transmit
                0x080018ea      0x7f4 ./Drivers/STM32F1xx_HAL_Driver/Src/stm32f1xx_hal_pcd.o
 .text.HAL_PCDEx_PMAConfig
                0x080020de       0x84 ./Drivers/STM32F1xx_HAL_Driver/Src/stm32f1xx_hal_pcd_ex.o
                0x080020de                HAL_PCDEx_PMAConfig
 *fill*         0x08002162        0x2 
 .text.HAL_RCC_OscConfig
                0x08002164      0x504 ./Drivers/STM32F1xx_HAL_Driver/Src/stm32f1xx_hal_rcc.o
                0x08002164                HAL_RCC_OscConfig
 .text.HAL_RCC_ClockConfig
                0x08002668      0x1d4 ./Drivers/STM32F1xx_HAL_Driver/Src/stm32f1xx_hal_rcc.o
                0x08002668                HAL_RCC_ClockConfig
 .text.HAL_RCC_GetSysClockFreq
                0x0800283c       0xa8 ./Drivers/STM32F1xx_HAL_Driver/Src/stm32f1xx_hal_rcc.o
                0x0800283c                HAL_RCC_GetSysClockFreq
 .text.RCC_Delay
                0x080028e4       0x3c ./Drivers/STM32F1xx_HAL_Driver/Src/stm32f1xx_hal_rcc.o
 .text.HAL_RCCEx_PeriphCLKConfig
                0x08002920      0x16c ./Drivers/STM32F1xx_HAL_Driver/Src/stm32f1xx_hal_rcc_ex.o
                0x08002920                HAL_RCCEx_PeriphCLKConfig
 .text.USB_CoreInit
                0x08002a8c       0x1a ./Drivers/STM32F1xx_HAL_Driver/Src/stm32f1xx_ll_usb.o
                0x08002a8c                USB_CoreInit
 .text.USB_EnableGlobalInt
                0x08002aa6       0x2c ./Drivers/STM32F1xx_HAL_Driver/Src/stm32f1xx_ll_usb.o
                0x08002aa6                USB_EnableGlobalInt
 .text.USB_DisableGlobalInt
                0x08002ad2       0x34 ./Drivers/STM32F1xx_HAL_Driver/Src/stm32f1xx_ll_usb.o
                0x08002ad2                USB_DisableGlobalInt
 .text.USB_SetCurrentMode
                0x08002b06       0x18 ./Drivers/STM32F1xx_HAL_Driver/Src/stm32f1xx_ll_usb.o
                0x08002b06                USB_SetCurrentMode
 .text.USB_DevInit
                0x08002b1e       0x3a ./Drivers/STM32F1xx_HAL_Driver/Src/stm32f1xx_ll_usb.o
                0x08002b1e                USB_DevInit
 .text.USB_ActivateEndpoint
                0x08002b58      0x780 ./Drivers/STM32F1xx_HAL_Driver/Src/stm32f1xx_ll_usb.o
                0x08002b58                USB_ActivateEndpoint
 .text.USB_DeactivateEndpoint
                0x080032d8      0x3d8 ./Drivers/STM32F1xx_HAL_Driver/Src/stm32f1xx_ll_usb.o
                0x080032d8                USB_DeactivateEndpoint
 .text.USB_EPStartXfer
                0x080036b0     0x1762 ./Drivers/STM32F1xx_HAL_Driver/Src/stm32f1xx_ll_usb.o
                0x080036b0                USB_EPStartXfer
 .text.USB_EPSetStall
                0x08004e12       0xa0 ./Drivers/STM32F1xx_HAL_Driver/Src/stm32f1xx_ll_usb.o
                0x08004e12                USB_EPSetStall
 .text.USB_EPClearStall
                0x08004eb2      0x15a ./Drivers/STM32F1xx_HAL_Driver/Src/stm32f1xx_ll_usb.o
                0x08004eb2                USB_EPClearStall
 .text.USB_SetDevAddress
                0x0800500c       0x26 ./Drivers/STM32F1xx_HAL_Driver/Src/stm32f1xx_ll_usb.o
                0x0800500c                USB_SetDevAddress
 .text.USB_DevConnect
                0x08005032       0x14 ./Drivers/STM32F1xx_HAL_Driver/Src/stm32f1xx_ll_usb.o
                0x08005032                USB_DevConnect
 .text.USB_DevDisconnect
                0x08005046       0x14 ./Drivers/STM32F1xx_HAL_Driver/Src/stm32f1xx_ll_usb.o
                0x08005046                USB_DevDisconnect
 .text.USB_ReadInterrupts
                0x0800505a       0x1e ./Drivers/STM32F1xx_HAL_Driver/Src/stm32f1xx_ll_usb.o
                0x0800505a                USB_ReadInterrupts
 .text.USB_EP0_OutStart
                0x08005078       0x16 ./Drivers/STM32F1xx_HAL_Driver/Src/stm32f1xx_ll_usb.o
                0x08005078                USB_EP0_OutStart
 .text.USB_WritePMA
                0x0800508e       0x8a ./Drivers/STM32F1xx_HAL_Driver/Src/stm32f1xx_ll_usb.o
                0x0800508e                USB_WritePMA
 .text.USB_ReadPMA
                0x08005118       0x9e ./Drivers/STM32F1xx_HAL_Driver/Src/stm32f1xx_ll_usb.o
                0x08005118                USB_ReadPMA
 .text.USBD_CDC_Init
                0x080051b6       0xf4 ./Middlewares/ST/STM32_USB_Device_Library/Class/CDC/Src/usbd_cdc.o
 .text.USBD_CDC_DeInit
                0x080052aa       0x6e ./Middlewares/ST/STM32_USB_Device_Library/Class/CDC/Src/usbd_cdc.o
 .text.USBD_CDC_Setup
                0x08005318      0x146 ./Middlewares/ST/STM32_USB_Device_Library/Class/CDC/Src/usbd_cdc.o
 .text.USBD_CDC_DataIn
                0x0800545e       0xa6 ./Middlewares/ST/STM32_USB_Device_Library/Class/CDC/Src/usbd_cdc.o
 .text.USBD_CDC_DataOut
                0x08005504       0x56 ./Middlewares/ST/STM32_USB_Device_Library/Class/CDC/Src/usbd_cdc.o
 .text.USBD_CDC_EP0_RxReady
                0x0800555a       0x4e ./Middlewares/ST/STM32_USB_Device_Library/Class/CDC/Src/usbd_cdc.o
 .text.USBD_CDC_GetFSCfgDesc
                0x080055a8       0x20 ./Middlewares/ST/STM32_USB_Device_Library/Class/CDC/Src/usbd_cdc.o
 .text.USBD_CDC_GetHSCfgDesc
                0x080055c8       0x20 ./Middlewares/ST/STM32_USB_Device_Library/Class/CDC/Src/usbd_cdc.o
 .text.USBD_CDC_GetOtherSpeedCfgDesc
                0x080055e8       0x20 ./Middlewares/ST/STM32_USB_Device_Library/Class/CDC/Src/usbd_cdc.o
 .text.USBD_CDC_GetDeviceQualifierDescriptor
                0x08005608       0x20 ./Middlewares/ST/STM32_USB_Device_Library/Class/CDC/Src/usbd_cdc.o
                0x08005608                USBD_CDC_GetDeviceQualifierDescriptor
 .text.USBD_CDC_RegisterInterface
                0x08005628       0x2c ./Middlewares/ST/STM32_USB_Device_Library/Class/CDC/Src/usbd_cdc.o
                0x08005628                USBD_CDC_RegisterInterface
 .text.USBD_CDC_SetTxBuffer
                0x08005654       0x32 ./Middlewares/ST/STM32_USB_Device_Library/Class/CDC/Src/usbd_cdc.o
                0x08005654                USBD_CDC_SetTxBuffer
 .text.USBD_CDC_SetRxBuffer
                0x08005686       0x26 ./Middlewares/ST/STM32_USB_Device_Library/Class/CDC/Src/usbd_cdc.o
                0x08005686                USBD_CDC_SetRxBuffer
 .text.USBD_CDC_TransmitPacket
                0x080056ac       0x5e ./Middlewares/ST/STM32_USB_Device_Library/Class/CDC/Src/usbd_cdc.o
                0x080056ac                USBD_CDC_TransmitPacket
 .text.USBD_CDC_ReceivePacket
                0x0800570a       0x54 ./Middlewares/ST/STM32_USB_Device_Library/Class/CDC/Src/usbd_cdc.o
                0x0800570a                USBD_CDC_ReceivePacket
 .text.USBD_Init
                0x0800575e       0x56 ./Middlewares/ST/STM32_USB_Device_Library/Core/Src/usbd_core.o
                0x0800575e                USBD_Init
 .text.USBD_RegisterClass
                0x080057b4       0x32 ./Middlewares/ST/STM32_USB_Device_Library/Core/Src/usbd_core.o
                0x080057b4                USBD_RegisterClass
 .text.USBD_Start
                0x080057e6       0x18 ./Middlewares/ST/STM32_USB_Device_Library/Core/Src/usbd_core.o
                0x080057e6                USBD_Start
 .text.USBD_RunTestMode
                0x080057fe       0x14 ./Middlewares/ST/STM32_USB_Device_Library/Core/Src/usbd_core.o
                0x080057fe                USBD_RunTestMode
 .text.USBD_SetClassConfig
                0x08005812       0x3e ./Middlewares/ST/STM32_USB_Device_Library/Core/Src/usbd_core.o
                0x08005812                USBD_SetClassConfig
 .text.USBD_ClrClassConfig
                0x08005850       0x26 ./Middlewares/ST/STM32_USB_Device_Library/Core/Src/usbd_core.o
                0x08005850                USBD_ClrClassConfig
 .text.USBD_LL_SetupStage
                0x08005876       0x9a ./Middlewares/ST/STM32_USB_Device_Library/Core/Src/usbd_core.o
                0x08005876                USBD_LL_SetupStage
 .text.USBD_LL_DataOutStage
                0x08005910       0xe2 ./Middlewares/ST/STM32_USB_Device_Library/Core/Src/usbd_core.o
                0x08005910                USBD_LL_DataOutStage
 .text.USBD_LL_DataInStage
                0x080059f2      0x14a ./Middlewares/ST/STM32_USB_Device_Library/Core/Src/usbd_core.o
                0x080059f2                USBD_LL_DataInStage
 .text.USBD_LL_Reset
                0x08005b3c       0x82 ./Middlewares/ST/STM32_USB_Device_Library/Core/Src/usbd_core.o
                0x08005b3c                USBD_LL_Reset
 .text.USBD_LL_SetSpeed
                0x08005bbe       0x1e ./Middlewares/ST/STM32_USB_Device_Library/Core/Src/usbd_core.o
                0x08005bbe                USBD_LL_SetSpeed
 .text.USBD_LL_Suspend
                0x08005bdc       0x28 ./Middlewares/ST/STM32_USB_Device_Library/Core/Src/usbd_core.o
                0x08005bdc                USBD_LL_Suspend
 .text.USBD_LL_Resume
                0x08005c04       0x2a ./Middlewares/ST/STM32_USB_Device_Library/Core/Src/usbd_core.o
                0x08005c04                USBD_LL_Resume
 .text.USBD_LL_SOF
                0x08005c2e       0x34 ./Middlewares/ST/STM32_USB_Device_Library/Core/Src/usbd_core.o
                0x08005c2e                USBD_LL_SOF
 *fill*         0x08005c62        0x2 
 .text.USBD_StdDevReq
                0x08005c64       0xd4 ./Middlewares/ST/STM32_USB_Device_Library/Core/Src/usbd_ctlreq.o
                0x08005c64                USBD_StdDevReq
 .text.USBD_StdItfReq
                0x08005d38       0x90 ./Middlewares/ST/STM32_USB_Device_Library/Core/Src/usbd_ctlreq.o
                0x08005d38                USBD_StdItfReq
 .text.USBD_StdEPReq
                0x08005dc8      0x2c6 ./Middlewares/ST/STM32_USB_Device_Library/Core/Src/usbd_ctlreq.o
                0x08005dc8                USBD_StdEPReq
 *fill*         0x0800608e        0x2 
 .text.USBD_GetDescriptor
                0x08006090      0x2d0 ./Middlewares/ST/STM32_USB_Device_Library/Core/Src/usbd_ctlreq.o
 .text.USBD_SetAddress
                0x08006360       0x86 ./Middlewares/ST/STM32_USB_Device_Library/Core/Src/usbd_ctlreq.o
 *fill*         0x080063e6        0x2 
 .text.USBD_SetConfig
                0x080063e8      0x11c ./Middlewares/ST/STM32_USB_Device_Library/Core/Src/usbd_ctlreq.o
 .text.USBD_GetConfig
                0x08006504       0x6a ./Middlewares/ST/STM32_USB_Device_Library/Core/Src/usbd_ctlreq.o
 .text.USBD_GetStatus
                0x0800656e       0x66 ./Middlewares/ST/STM32_USB_Device_Library/Core/Src/usbd_ctlreq.o
 .text.USBD_SetFeature
                0x080065d4       0x28 ./Middlewares/ST/STM32_USB_Device_Library/Core/Src/usbd_ctlreq.o
 .text.USBD_ClrFeature
                0x080065fc       0x42 ./Middlewares/ST/STM32_USB_Device_Library/Core/Src/usbd_ctlreq.o
 .text.USBD_ParseSetupRequest
                0x0800663e       0x72 ./Middlewares/ST/STM32_USB_Device_Library/Core/Src/usbd_ctlreq.o
                0x0800663e                USBD_ParseSetupRequest
 .text.USBD_CtlError
                0x080066b0       0x22 ./Middlewares/ST/STM32_USB_Device_Library/Core/Src/usbd_ctlreq.o
                0x080066b0                USBD_CtlError
 .text.USBD_GetString
                0x080066d2       0x84 ./Middlewares/ST/STM32_USB_Device_Library/Core/Src/usbd_ctlreq.o
                0x080066d2                USBD_GetString
 .text.USBD_GetLen
                0x08006756       0x2e ./Middlewares/ST/STM32_USB_Device_Library/Core/Src/usbd_ctlreq.o
 .text.USBD_CtlSendData
                0x08006784       0x38 ./Middlewares/ST/STM32_USB_Device_Library/Core/Src/usbd_ioreq.o
                0x08006784                USBD_CtlSendData
 .text.USBD_CtlContinueSendData
                0x080067bc       0x24 ./Middlewares/ST/STM32_USB_Device_Library/Core/Src/usbd_ioreq.o
                0x080067bc                USBD_CtlContinueSendData
 .text.USBD_CtlPrepareRx
                0x080067e0       0x3c ./Middlewares/ST/STM32_USB_Device_Library/Core/Src/usbd_ioreq.o
                0x080067e0                USBD_CtlPrepareRx
 .text.USBD_CtlContinueRx
                0x0800681c       0x24 ./Middlewares/ST/STM32_USB_Device_Library/Core/Src/usbd_ioreq.o
                0x0800681c                USBD_CtlContinueRx
 .text.USBD_CtlSendStatus
                0x08006840       0x26 ./Middlewares/ST/STM32_USB_Device_Library/Core/Src/usbd_ioreq.o
                0x08006840                USBD_CtlSendStatus
 .text.USBD_CtlReceiveStatus
                0x08006866       0x26 ./Middlewares/ST/STM32_USB_Device_Library/Core/Src/usbd_ioreq.o
                0x08006866                USBD_CtlReceiveStatus
 .text.MX_USB_DEVICE_Init
                0x0800688c       0x60 ./USB_DEVICE/App/usb_device.o
                0x0800688c                MX_USB_DEVICE_Init
 .text.CDC_Init_FS
                0x080068ec       0x28 ./USB_DEVICE/App/usbd_cdc_if.o
 .text.CDC_DeInit_FS
                0x08006914        0xe ./USB_DEVICE/App/usbd_cdc_if.o
 *fill*         0x08006922        0x2 
 .text.CDC_Control_FS
                0x08006924       0xbc ./USB_DEVICE/App/usbd_cdc_if.o
 .text.CDC_Receive_FS
                0x080069e0       0x64 ./USB_DEVICE/App/usbd_cdc_if.o
 .text.CDC_Transmit_FS
                0x08006a44       0x4c ./USB_DEVICE/App/usbd_cdc_if.o
                0x08006a44                CDC_Transmit_FS
 .text.USBD_FS_DeviceDescriptor
                0x08006a90       0x24 ./USB_DEVICE/App/usbd_desc.o
                0x08006a90                USBD_FS_DeviceDescriptor
 .text.USBD_FS_LangIDStrDescriptor
                0x08006ab4       0x24 ./USB_DEVICE/App/usbd_desc.o
                0x08006ab4                USBD_FS_LangIDStrDescriptor
 .text.USBD_FS_ProductStrDescriptor
                0x08006ad8       0x3c ./USB_DEVICE/App/usbd_desc.o
                0x08006ad8                USBD_FS_ProductStrDescriptor
 .text.USBD_FS_ManufacturerStrDescriptor
                0x08006b14       0x28 ./USB_DEVICE/App/usbd_desc.o
                0x08006b14                USBD_FS_ManufacturerStrDescriptor
 .text.USBD_FS_SerialStrDescriptor
                0x08006b3c       0x24 ./USB_DEVICE/App/usbd_desc.o
                0x08006b3c                USBD_FS_SerialStrDescriptor
 .text.USBD_FS_ConfigStrDescriptor
                0x08006b60       0x3c ./USB_DEVICE/App/usbd_desc.o
                0x08006b60                USBD_FS_ConfigStrDescriptor
 .text.USBD_FS_InterfaceStrDescriptor
                0x08006b9c       0x3c ./USB_DEVICE/App/usbd_desc.o
                0x08006b9c                USBD_FS_InterfaceStrDescriptor
 .text.Get_SerialNum
                0x08006bd8       0x58 ./USB_DEVICE/App/usbd_desc.o
 .text.IntToUnicode
                0x08006c30       0x7c ./USB_DEVICE/App/usbd_desc.o
 .text.HAL_PCD_MspInit
                0x08006cac       0x4c ./USB_DEVICE/Target/usbd_conf.o
                0x08006cac                HAL_PCD_MspInit
 .text.HAL_PCD_SetupStageCallback
                0x08006cf8       0x24 ./USB_DEVICE/Target/usbd_conf.o
                0x08006cf8                HAL_PCD_SetupStageCallback
 .text.HAL_PCD_DataOutStageCallback
                0x08006d1c       0x36 ./USB_DEVICE/Target/usbd_conf.o
                0x08006d1c                HAL_PCD_DataOutStageCallback
 .text.HAL_PCD_DataInStageCallback
                0x08006d52       0x34 ./USB_DEVICE/Target/usbd_conf.o
                0x08006d52                HAL_PCD_DataInStageCallback
 .text.HAL_PCD_SOFCallback
                0x08006d86       0x1c ./USB_DEVICE/Target/usbd_conf.o
                0x08006d86                HAL_PCD_SOFCallback
 .text.HAL_PCD_ResetCallback
                0x08006da2       0x3c ./USB_DEVICE/Target/usbd_conf.o
                0x08006da2                HAL_PCD_ResetCallback
 *fill*         0x08006dde        0x2 
 .text.HAL_PCD_SuspendCallback
                0x08006de0       0x34 ./USB_DEVICE/Target/usbd_conf.o
                0x08006de0                HAL_PCD_SuspendCallback
 .text.HAL_PCD_ResumeCallback
                0x08006e14       0x1c ./USB_DEVICE/Target/usbd_conf.o
                0x08006e14                HAL_PCD_ResumeCallback
 .text.USBD_LL_Init
                0x08006e30       0xb4 ./USB_DEVICE/Target/usbd_conf.o
                0x08006e30                USBD_LL_Init
 .text.USBD_LL_Start
                0x08006ee4       0x36 ./USB_DEVICE/Target/usbd_conf.o
                0x08006ee4                USBD_LL_Start
 .text.USBD_LL_OpenEP
                0x08006f1a       0x4c ./USB_DEVICE/Target/usbd_conf.o
                0x08006f1a                USBD_LL_OpenEP
 .text.USBD_LL_CloseEP
                0x08006f66       0x3e ./USB_DEVICE/Target/usbd_conf.o
                0x08006f66                USBD_LL_CloseEP
 .text.USBD_LL_StallEP
                0x08006fa4       0x3e ./USB_DEVICE/Target/usbd_conf.o
                0x08006fa4                USBD_LL_StallEP
 .text.USBD_LL_ClearStallEP
                0x08006fe2       0x3e ./USB_DEVICE/Target/usbd_conf.o
                0x08006fe2                USBD_LL_ClearStallEP
 .text.USBD_LL_IsStallEP
                0x08007020       0x56 ./USB_DEVICE/Target/usbd_conf.o
                0x08007020                USBD_LL_IsStallEP
 .text.USBD_LL_SetUSBAddress
                0x08007076       0x3e ./USB_DEVICE/Target/usbd_conf.o
                0x08007076                USBD_LL_SetUSBAddress
 .text.USBD_LL_Transmit
                0x080070b4       0x46 ./USB_DEVICE/Target/usbd_conf.o
                0x080070b4                USBD_LL_Transmit
 .text.USBD_LL_PrepareReceive
                0x080070fa       0x46 ./USB_DEVICE/Target/usbd_conf.o
                0x080070fa                USBD_LL_PrepareReceive
 .text.USBD_LL_GetRxDataSize
                0x08007140       0x26 ./USB_DEVICE/Target/usbd_conf.o
                0x08007140                USBD_LL_GetRxDataSize
 *fill*         0x08007166        0x2 
 .text.USBD_static_malloc
                0x08007168       0x18 ./USB_DEVICE/Target/usbd_conf.o
                0x08007168                USBD_static_malloc
 .text.USBD_static_free
                0x08007180       0x12 ./USB_DEVICE/Target/usbd_conf.o
                0x08007180                USBD_static_free
 .text.HAL_PCDEx_SetConnectionState
                0x08007192       0x16 ./USB_DEVICE/Target/usbd_conf.o
                0x08007192                HAL_PCDEx_SetConnectionState
 .text.USBD_Get_USB_Status
                0x080071a8       0x58 ./USB_DEVICE/Target/usbd_conf.o
 .text.memset   0x08007200       0x10 C:/ST/STM32CubeIDE_1.16.1/STM32CubeIDE/plugins/com.st.stm32cube.ide.mcu.externaltools.gnu-tools-for-stm32.12.3.rel1.win32_1.0.200.202406191623/tools/bin/../lib/gcc/arm-none-eabi/12.3.1/../../../../arm-none-eabi/lib/thumb/v7-m/nofp\libc_nano.a(libc_a-memset.o)
                0x08007200                memset
 .text.__libc_init_array
                0x08007210       0x48 C:/ST/STM32CubeIDE_1.16.1/STM32CubeIDE/plugins/com.st.stm32cube.ide.mcu.externaltools.gnu-tools-for-stm32.12.3.rel1.win32_1.0.200.202406191623/tools/bin/../lib/gcc/arm-none-eabi/12.3.1/../../../../arm-none-eabi/lib/thumb/v7-m/nofp\libc_nano.a(libc_a-init.o)
                0x08007210                __libc_init_array
 .text.memcpy   0x08007258       0x1c C:/ST/STM32CubeIDE_1.16.1/STM32CubeIDE/plugins/com.st.stm32cube.ide.mcu.externaltools.gnu-tools-for-stm32.12.3.rel1.win32_1.0.200.202406191623/tools/bin/../lib/gcc/arm-none-eabi/12.3.1/../../../../arm-none-eabi/lib/thumb/v7-m/nofp\libc_nano.a(libc_a-memcpy-stub.o)
                0x08007258                memcpy
 *(.glue_7)
 .glue_7        0x08007274        0x0 linker stubs
 *(.glue_7t)
 .glue_7t       0x08007274        0x0 linker stubs
 *(.eh_frame)
 .eh_frame      0x08007274        0x0 C:/ST/STM32CubeIDE_1.16.1/STM32CubeIDE/plugins/com.st.stm32cube.ide.mcu.externaltools.gnu-tools-for-stm32.12.3.rel1.win32_1.0.200.202406191623/tools/bin/../lib/gcc/arm-none-eabi/12.3.1/thumb/v7-m/nofp/crtbegin.o
 *(.init)
 .init          0x08007274        0x4 C:/ST/STM32CubeIDE_1.16.1/STM32CubeIDE/plugins/com.st.stm32cube.ide.mcu.externaltools.gnu-tools-for-stm32.12.3.rel1.win32_1.0.200.202406191623/tools/bin/../lib/gcc/arm-none-eabi/12.3.1/thumb/v7-m/nofp/crti.o
                0x08007274                _init
 .init          0x08007278        0x8 C:/ST/STM32CubeIDE_1.16.1/STM32CubeIDE/plugins/com.st.stm32cube.ide.mcu.externaltools.gnu-tools-for-stm32.12.3.rel1.win32_1.0.200.202406191623/tools/bin/../lib/gcc/arm-none-eabi/12.3.1/thumb/v7-m/nofp/crtn.o
 *(.fini)
 .fini          0x08007280        0x4 C:/ST/STM32CubeIDE_1.16.1/STM32CubeIDE/plugins/com.st.stm32cube.ide.mcu.externaltools.gnu-tools-for-stm32.12.3.rel1.win32_1.0.200.202406191623/tools/bin/../lib/gcc/arm-none-eabi/12.3.1/thumb/v7-m/nofp/crti.o
                0x08007280                _fini
 .fini          0x08007284        0x8 C:/ST/STM32CubeIDE_1.16.1/STM32CubeIDE/plugins/com.st.stm32cube.ide.mcu.externaltools.gnu-tools-for-stm32.12.3.rel1.win32_1.0.200.202406191623/tools/bin/../lib/gcc/arm-none-eabi/12.3.1/thumb/v7-m/nofp/crtn.o
                0x0800728c                        . = ALIGN (0x4)
                0x0800728c                        _etext = .

.vfp11_veneer   0x0800728c        0x0
 .vfp11_veneer  0x0800728c        0x0 linker stubs

.v4_bx          0x0800728c        0x0
 .v4_bx         0x0800728c        0x0 linker stubs

.iplt           0x0800728c        0x0
 .iplt          0x0800728c        0x0 C:/ST/STM32CubeIDE_1.16.1/STM32CubeIDE/plugins/com.st.stm32cube.ide.mcu.externaltools.gnu-tools-for-stm32.12.3.rel1.win32_1.0.200.202406191623/tools/bin/../lib/gcc/arm-none-eabi/12.3.1/thumb/v7-m/nofp/crtbegin.o

.rodata         0x0800728c       0x6c
                0x0800728c                        . = ALIGN (0x4)
 *(.rodata)
 .rodata        0x0800728c       0x46 ./USB_DEVICE/App/usbd_desc.o
 *(.rodata*)
 *fill*         0x080072d2        0x2 
 .rodata.AHBPrescTable
                0x080072d4       0x10 ./Core/Src/system_stm32f1xx.o
                0x080072d4                AHBPrescTable
 .rodata.aPLLMULFactorTable.1
                0x080072e4       0x10 ./Drivers/STM32F1xx_HAL_Driver/Src/stm32f1xx_hal_rcc.o
 .rodata.aPredivFactorTable.0
                0x080072f4        0x2 ./Drivers/STM32F1xx_HAL_Driver/Src/stm32f1xx_hal_rcc.o
                0x080072f8                        . = ALIGN (0x4)
 *fill*         0x080072f6        0x2 

.ARM.extab      0x080072f8        0x0
                0x080072f8                        . = ALIGN (0x4)
 *(.ARM.extab* .gnu.linkonce.armextab.*)
                0x080072f8                        . = ALIGN (0x4)

.ARM            0x080072f8        0x8
                0x080072f8                        . = ALIGN (0x4)
                0x080072f8                        __exidx_start = .
 *(.ARM.exidx*)
 .ARM.exidx     0x080072f8        0x8 C:/ST/STM32CubeIDE_1.16.1/STM32CubeIDE/plugins/com.st.stm32cube.ide.mcu.externaltools.gnu-tools-for-stm32.12.3.rel1.win32_1.0.200.202406191623/tools/bin/../lib/gcc/arm-none-eabi/12.3.1/../../../../arm-none-eabi/lib/thumb/v7-m/nofp\libc_nano.a(libc_a-strcmp.o)
 .ARM.exidx     0x08007300        0x0 C:/ST/STM32CubeIDE_1.16.1/STM32CubeIDE/plugins/com.st.stm32cube.ide.mcu.externaltools.gnu-tools-for-stm32.12.3.rel1.win32_1.0.200.202406191623/tools/bin/../lib/gcc/arm-none-eabi/12.3.1/../../../../arm-none-eabi/lib/thumb/v7-m/nofp\libc_nano.a(libc_a-strlen.o)
                                  0x8 (size before relaxing)
                0x08007300                        __exidx_end = .
                0x08007300                        . = ALIGN (0x4)

.preinit_array  0x08007300        0x0
                0x08007300                        . = ALIGN (0x4)
                0x08007300                        PROVIDE (__preinit_array_start = .)
 *(.preinit_array*)
                0x08007300                        PROVIDE (__preinit_array_end = .)
                0x08007300                        . = ALIGN (0x4)

.init_array     0x08007300        0x4
                0x08007300                        . = ALIGN (0x4)
                0x08007300                        PROVIDE (__init_array_start = .)
 *(SORT_BY_NAME(.init_array.*))
 *(.init_array*)
 .init_array    0x08007300        0x4 C:/ST/STM32CubeIDE_1.16.1/STM32CubeIDE/plugins/com.st.stm32cube.ide.mcu.externaltools.gnu-tools-for-stm32.12.3.rel1.win32_1.0.200.202406191623/tools/bin/../lib/gcc/arm-none-eabi/12.3.1/thumb/v7-m/nofp/crtbegin.o
                0x08007304                        PROVIDE (__init_array_end = .)
                0x08007304                        . = ALIGN (0x4)

.fini_array     0x08007304        0x4
                0x08007304                        . = ALIGN (0x4)
                [!provide]                        PROVIDE (__fini_array_start = .)
 *(SORT_BY_NAME(.fini_array.*))
 *(.fini_array*)
 .fini_array    0x08007304        0x4 C:/ST/STM32CubeIDE_1.16.1/STM32CubeIDE/plugins/com.st.stm32cube.ide.mcu.externaltools.gnu-tools-for-stm32.12.3.rel1.win32_1.0.200.202406191623/tools/bin/../lib/gcc/arm-none-eabi/12.3.1/thumb/v7-m/nofp/crtbegin.o
                [!provide]                        PROVIDE (__fini_array_end = .)
                0x08007308                        . = ALIGN (0x4)
                0x08007308                        _sidata = LOADADDR (.data)

.rel.dyn        0x08007308        0x0
 .rel.iplt      0x08007308        0x0 C:/ST/STM32CubeIDE_1.16.1/STM32CubeIDE/plugins/com.st.stm32cube.ide.mcu.externaltools.gnu-tools-for-stm32.12.3.rel1.win32_1.0.200.202406191623/tools/bin/../lib/gcc/arm-none-eabi/12.3.1/thumb/v7-m/nofp/crtbegin.o

.data           0x20000000      0x184 load address 0x08007308
                0x20000000                        . = ALIGN (0x4)
                0x20000000                        _sdata = .
 *(.data)
 *(.data*)
 .data.hello    0x20000000        0x5 ./Core/Src/main.o
                0x20000000                hello
 *fill*         0x20000005        0x3 
 .data.SystemCoreClock
                0x20000008        0x4 ./Core/Src/system_stm32f1xx.o
                0x20000008                SystemCoreClock
 .data.uwTickPrio
                0x2000000c        0x4 ./Drivers/STM32F1xx_HAL_Driver/Src/stm32f1xx_hal.o
                0x2000000c                uwTickPrio
 .data.uwTickFreq
                0x20000010        0x1 ./Drivers/STM32F1xx_HAL_Driver/Src/stm32f1xx_hal.o
                0x20000010                uwTickFreq
 *fill*         0x20000011        0x3 
 .data.USBD_CDC_DeviceQualifierDesc
                0x20000014        0xa ./Middlewares/ST/STM32_USB_Device_Library/Class/CDC/Src/usbd_cdc.o
 *fill*         0x2000001e        0x2 
 .data.USBD_CDC
                0x20000020       0x38 ./Middlewares/ST/STM32_USB_Device_Library/Class/CDC/Src/usbd_cdc.o
                0x20000020                USBD_CDC
 .data.USBD_CDC_CfgHSDesc
                0x20000058       0x43 ./Middlewares/ST/STM32_USB_Device_Library/Class/CDC/Src/usbd_cdc.o
                0x20000058                USBD_CDC_CfgHSDesc
 *fill*         0x2000009b        0x1 
 .data.USBD_CDC_CfgFSDesc
                0x2000009c       0x43 ./Middlewares/ST/STM32_USB_Device_Library/Class/CDC/Src/usbd_cdc.o
                0x2000009c                USBD_CDC_CfgFSDesc
 *fill*         0x200000df        0x1 
 .data.USBD_CDC_OtherSpeedCfgDesc
                0x200000e0       0x43 ./Middlewares/ST/STM32_USB_Device_Library/Class/CDC/Src/usbd_cdc.o
                0x200000e0                USBD_CDC_OtherSpeedCfgDesc
 *fill*         0x20000123        0x1 
 .data.USBD_Interface_fops_FS
                0x20000124       0x10 ./USB_DEVICE/App/usbd_cdc_if.o
                0x20000124                USBD_Interface_fops_FS
 .data.FS_Desc  0x20000134       0x1c ./USB_DEVICE/App/usbd_desc.o
                0x20000134                FS_Desc
 .data.USBD_FS_DeviceDesc
                0x20000150       0x12 ./USB_DEVICE/App/usbd_desc.o
                0x20000150                USBD_FS_DeviceDesc
 *fill*         0x20000162        0x2 
 .data.USBD_LangIDDesc
                0x20000164        0x4 ./USB_DEVICE/App/usbd_desc.o
                0x20000164                USBD_LangIDDesc
 .data.USBD_StringSerial
                0x20000168       0x1a ./USB_DEVICE/App/usbd_desc.o
                0x20000168                USBD_StringSerial
 *(.RamFunc)
 *(.RamFunc*)
                0x20000184                        . = ALIGN (0x4)
 *fill*         0x20000182        0x2 
                0x20000184                        _edata = .

.igot.plt       0x20000184        0x0 load address 0x0800748c
 .igot.plt      0x20000184        0x0 C:/ST/STM32CubeIDE_1.16.1/STM32CubeIDE/plugins/com.st.stm32cube.ide.mcu.externaltools.gnu-tools-for-stm32.12.3.rel1.win32_1.0.200.202406191623/tools/bin/../lib/gcc/arm-none-eabi/12.3.1/thumb/v7-m/nofp/crtbegin.o
                0x20000184                        . = ALIGN (0x4)

.bss            0x20000184     0x1224 load address 0x0800748c
                0x20000184                        _sbss = .
                0x20000184                        __bss_start__ = _sbss
 *(.bss)
 .bss           0x20000184       0x1c C:/ST/STM32CubeIDE_1.16.1/STM32CubeIDE/plugins/com.st.stm32cube.ide.mcu.externaltools.gnu-tools-for-stm32.12.3.rel1.win32_1.0.200.202406191623/tools/bin/../lib/gcc/arm-none-eabi/12.3.1/thumb/v7-m/nofp/crtbegin.o
 *(.bss*)
 .bss.RxLen     0x200001a0        0x1 ./Core/Src/main.o
                0x200001a0                RxLen
 *fill*         0x200001a1        0x3 
 .bss.RxBuf     0x200001a4       0x40 ./Core/Src/main.o
                0x200001a4                RxBuf
 .bss.uwTick    0x200001e4        0x4 ./Drivers/STM32F1xx_HAL_Driver/Src/stm32f1xx_hal.o
                0x200001e4                uwTick
 .bss.cfgidx.0  0x200001e8        0x1 ./Middlewares/ST/STM32_USB_Device_Library/Core/Src/usbd_ctlreq.o
 *fill*         0x200001e9        0x3 
 .bss.hUsbDeviceFS
                0x200001ec      0x2c4 ./USB_DEVICE/App/usb_device.o
                0x200001ec                hUsbDeviceFS
 .bss.UserRxBufferFS
                0x200004b0      0x400 ./USB_DEVICE/App/usbd_cdc_if.o
                0x200004b0                UserRxBufferFS
 .bss.UserTxBufferFS
                0x200008b0      0x400 ./USB_DEVICE/App/usbd_cdc_if.o
                0x200008b0                UserTxBufferFS
 .bss.USBD_StrDesc
                0x20000cb0      0x200 ./USB_DEVICE/App/usbd_desc.o
                0x20000cb0                USBD_StrDesc
 .bss.hpcd_USB_FS
                0x20000eb0      0x2d8 ./USB_DEVICE/Target/usbd_conf.o
                0x20000eb0                hpcd_USB_FS
 .bss.mem.0     0x20001188      0x220 ./USB_DEVICE/Target/usbd_conf.o
 *(COMMON)
                0x200013a8                        . = ALIGN (0x4)
                0x200013a8                        _ebss = .
                0x200013a8                        __bss_end__ = _ebss

._user_heap_stack
                0x200013a8      0x600 load address 0x0800748c
                0x200013a8                        . = ALIGN (0x8)
                [!provide]                        PROVIDE (end = .)
                0x200013a8                        PROVIDE (_end = .)
                0x200015a8                        . = (. + _Min_Heap_Size)
 *fill*         0x200013a8      0x200 
                0x200019a8                        . = (. + _Min_Stack_Size)
 *fill*         0x200015a8      0x400 
                0x200019a8                        . = ALIGN (0x8)

/DISCARD/
 libc.a(*)
 libm.a(*)
 libgcc.a(*)

.ARM.attributes
                0x00000000       0x29
 *(.ARM.attributes)
 .ARM.attributes
                0x00000000       0x1d C:/ST/STM32CubeIDE_1.16.1/STM32CubeIDE/plugins/com.st.stm32cube.ide.mcu.externaltools.gnu-tools-for-stm32.12.3.rel1.win32_1.0.200.202406191623/tools/bin/../lib/gcc/arm-none-eabi/12.3.1/thumb/v7-m/nofp/crti.o
 .ARM.attributes
                0x0000001d       0x2d C:/ST/STM32CubeIDE_1.16.1/STM32CubeIDE/plugins/com.st.stm32cube.ide.mcu.externaltools.gnu-tools-for-stm32.12.3.rel1.win32_1.0.200.202406191623/tools/bin/../lib/gcc/arm-none-eabi/12.3.1/thumb/v7-m/nofp/crtbegin.o
 .ARM.attributes
                0x0000004a       0x2d ./Core/Src/main.o
 .ARM.attributes
                0x00000077       0x2d ./Core/Src/stm32f1xx_hal_msp.o
 .ARM.attributes
                0x000000a4       0x2d ./Core/Src/stm32f1xx_it.o
 .ARM.attributes
                0x000000d1       0x2d ./Core/Src/system_stm32f1xx.o
 .ARM.attributes
                0x000000fe       0x21 ./Core/Startup/startup_stm32f103c8tx.o
 .ARM.attributes
                0x0000011f       0x2d ./Drivers/STM32F1xx_HAL_Driver/Src/stm32f1xx_hal.o
 .ARM.attributes
                0x0000014c       0x2d ./Drivers/STM32F1xx_HAL_Driver/Src/stm32f1xx_hal_cortex.o
 .ARM.attributes
                0x00000179       0x2d ./Drivers/STM32F1xx_HAL_Driver/Src/stm32f1xx_hal_pcd.o
 .ARM.attributes
                0x000001a6       0x2d ./Drivers/STM32F1xx_HAL_Driver/Src/stm32f1xx_hal_pcd_ex.o
 .ARM.attributes
                0x000001d3       0x2d ./Drivers/STM32F1xx_HAL_Driver/Src/stm32f1xx_hal_rcc.o
 .ARM.attributes
                0x00000200       0x2d ./Drivers/STM32F1xx_HAL_Driver/Src/stm32f1xx_hal_rcc_ex.o
 .ARM.attributes
                0x0000022d       0x2d ./Drivers/STM32F1xx_HAL_Driver/Src/stm32f1xx_ll_usb.o
 .ARM.attributes
                0x0000025a       0x2d ./Middlewares/ST/STM32_USB_Device_Library/Class/CDC/Src/usbd_cdc.o
 .ARM.attributes
                0x00000287       0x2d ./Middlewares/ST/STM32_USB_Device_Library/Core/Src/usbd_core.o
 .ARM.attributes
                0x000002b4       0x2d ./Middlewares/ST/STM32_USB_Device_Library/Core/Src/usbd_ctlreq.o
 .ARM.attributes
                0x000002e1       0x2d ./Middlewares/ST/STM32_USB_Device_Library/Core/Src/usbd_ioreq.o
 .ARM.attributes
                0x0000030e       0x2d ./USB_DEVICE/App/usb_device.o
 .ARM.attributes
                0x0000033b       0x2d ./USB_DEVICE/App/usbd_cdc_if.o
 .ARM.attributes
                0x00000368       0x2d ./USB_DEVICE/App/usbd_desc.o
 .ARM.attributes
                0x00000395       0x2d ./USB_DEVICE/Target/usbd_conf.o
 .ARM.attributes
                0x000003c2       0x2d C:/ST/STM32CubeIDE_1.16.1/STM32CubeIDE/plugins/com.st.stm32cube.ide.mcu.externaltools.gnu-tools-for-stm32.12.3.rel1.win32_1.0.200.202406191623/tools/bin/../lib/gcc/arm-none-eabi/12.3.1/../../../../arm-none-eabi/lib/thumb/v7-m/nofp\libc_nano.a(libc_a-memset.o)
 .ARM.attributes
                0x000003ef       0x2d C:/ST/STM32CubeIDE_1.16.1/STM32CubeIDE/plugins/com.st.stm32cube.ide.mcu.externaltools.gnu-tools-for-stm32.12.3.rel1.win32_1.0.200.202406191623/tools/bin/../lib/gcc/arm-none-eabi/12.3.1/../../../../arm-none-eabi/lib/thumb/v7-m/nofp\libc_nano.a(libc_a-init.o)
 .ARM.attributes
                0x0000041c       0x1b C:/ST/STM32CubeIDE_1.16.1/STM32CubeIDE/plugins/com.st.stm32cube.ide.mcu.externaltools.gnu-tools-for-stm32.12.3.rel1.win32_1.0.200.202406191623/tools/bin/../lib/gcc/arm-none-eabi/12.3.1/../../../../arm-none-eabi/lib/thumb/v7-m/nofp\libc_nano.a(libc_a-strcmp.o)
 .ARM.attributes
                0x00000437       0x2d C:/ST/STM32CubeIDE_1.16.1/STM32CubeIDE/plugins/com.st.stm32cube.ide.mcu.externaltools.gnu-tools-for-stm32.12.3.rel1.win32_1.0.200.202406191623/tools/bin/../lib/gcc/arm-none-eabi/12.3.1/../../../../arm-none-eabi/lib/thumb/v7-m/nofp\libc_nano.a(libc_a-memcpy-stub.o)
 .ARM.attributes
                0x00000464       0x17 C:/ST/STM32CubeIDE_1.16.1/STM32CubeIDE/plugins/com.st.stm32cube.ide.mcu.externaltools.gnu-tools-for-stm32.12.3.rel1.win32_1.0.200.202406191623/tools/bin/../lib/gcc/arm-none-eabi/12.3.1/../../../../arm-none-eabi/lib/thumb/v7-m/nofp\libc_nano.a(libc_a-strlen.o)
 .ARM.attributes
                0x0000047b       0x1d C:/ST/STM32CubeIDE_1.16.1/STM32CubeIDE/plugins/com.st.stm32cube.ide.mcu.externaltools.gnu-tools-for-stm32.12.3.rel1.win32_1.0.200.202406191623/tools/bin/../lib/gcc/arm-none-eabi/12.3.1/thumb/v7-m/nofp/crtn.o
OUTPUT(usbhello.elf elf32-littlearm)
LOAD linker stubs
LOAD C:/ST/STM32CubeIDE_1.16.1/STM32CubeIDE/plugins/com.st.stm32cube.ide.mcu.externaltools.gnu-tools-for-stm32.12.3.rel1.win32_1.0.200.202406191623/tools/bin/../lib/gcc/arm-none-eabi/12.3.1/../../../../arm-none-eabi/lib/thumb/v7-m/nofp\libc.a
LOAD C:/ST/STM32CubeIDE_1.16.1/STM32CubeIDE/plugins/com.st.stm32cube.ide.mcu.externaltools.gnu-tools-for-stm32.12.3.rel1.win32_1.0.200.202406191623/tools/bin/../lib/gcc/arm-none-eabi/12.3.1/../../../../arm-none-eabi/lib/thumb/v7-m/nofp\libm.a
LOAD C:/ST/STM32CubeIDE_1.16.1/STM32CubeIDE/plugins/com.st.stm32cube.ide.mcu.externaltools.gnu-tools-for-stm32.12.3.rel1.win32_1.0.200.202406191623/tools/bin/../lib/gcc/arm-none-eabi/12.3.1/thumb/v7-m/nofp\libgcc.a

.debug_info     0x00000000     0xb6f0
 .debug_info    0x00000000      0x462 ./Core/Src/main.o
 .debug_info    0x00000462      0x1f1 ./Core/Src/stm32f1xx_hal_msp.o
 .debug_info    0x00000653      0x602 ./Core/Src/stm32f1xx_it.o
 .debug_info    0x00000c55      0x222 ./Core/Src/system_stm32f1xx.o
 .debug_info    0x00000e77       0x30 ./Core/Startup/startup_stm32f103c8tx.o
 .debug_info    0x00000ea7      0x704 ./Drivers/STM32F1xx_HAL_Driver/Src/stm32f1xx_hal.o
 .debug_info    0x000015ab      0xa87 ./Drivers/STM32F1xx_HAL_Driver/Src/stm32f1xx_hal_cortex.o
 .debug_info    0x00002032     0x16dc ./Drivers/STM32F1xx_HAL_Driver/Src/stm32f1xx_hal_pcd.o
 .debug_info    0x0000370e      0x6c3 ./Drivers/STM32F1xx_HAL_Driver/Src/stm32f1xx_hal_pcd_ex.o
 .debug_info    0x00003dd1      0x7d5 ./Drivers/STM32F1xx_HAL_Driver/Src/stm32f1xx_hal_rcc.o
 .debug_info    0x000045a6      0x3c0 ./Drivers/STM32F1xx_HAL_Driver/Src/stm32f1xx_hal_rcc_ex.o
 .debug_info    0x00004966     0x17ae ./Drivers/STM32F1xx_HAL_Driver/Src/stm32f1xx_ll_usb.o
 .debug_info    0x00006114     0x1043 ./Middlewares/ST/STM32_USB_Device_Library/Class/CDC/Src/usbd_cdc.o
 .debug_info    0x00007157      0xa52 ./Middlewares/ST/STM32_USB_Device_Library/Core/Src/usbd_core.o
 .debug_info    0x00007ba9      0x91c ./Middlewares/ST/STM32_USB_Device_Library/Core/Src/usbd_ctlreq.o
 .debug_info    0x000084c5      0x6a0 ./Middlewares/ST/STM32_USB_Device_Library/Core/Src/usbd_ioreq.o
 .debug_info    0x00008b65      0x63d ./USB_DEVICE/App/usb_device.o
 .debug_info    0x000091a2      0x8a0 ./USB_DEVICE/App/usbd_cdc_if.o
 .debug_info    0x00009a42      0x44a ./USB_DEVICE/App/usbd_desc.o
 .debug_info    0x00009e8c     0x1864 ./USB_DEVICE/Target/usbd_conf.o

.debug_abbrev   0x00000000     0x2767
 .debug_abbrev  0x00000000      0x1fe ./Core/Src/main.o
 .debug_abbrev  0x000001fe       0xdb ./Core/Src/stm32f1xx_hal_msp.o
 .debug_abbrev  0x000002d9      0x192 ./Core/Src/stm32f1xx_it.o
 .debug_abbrev  0x0000046b      0x13f ./Core/Src/system_stm32f1xx.o
 .debug_abbrev  0x000005aa       0x24 ./Core/Startup/startup_stm32f103c8tx.o
 .debug_abbrev  0x000005ce      0x201 ./Drivers/STM32F1xx_HAL_Driver/Src/stm32f1xx_hal.o
 .debug_abbrev  0x000007cf      0x2f8 ./Drivers/STM32F1xx_HAL_Driver/Src/stm32f1xx_hal_cortex.o
 .debug_abbrev  0x00000ac7      0x2d6 ./Drivers/STM32F1xx_HAL_Driver/Src/stm32f1xx_hal_pcd.o
 .debug_abbrev  0x00000d9d      0x189 ./Drivers/STM32F1xx_HAL_Driver/Src/stm32f1xx_hal_pcd_ex.o
 .debug_abbrev  0x00000f26      0x2b3 ./Drivers/STM32F1xx_HAL_Driver/Src/stm32f1xx_hal_rcc.o
 .debug_abbrev  0x000011d9      0x188 ./Drivers/STM32F1xx_HAL_Driver/Src/stm32f1xx_hal_rcc_ex.o
 .debug_abbrev  0x00001361      0x1de ./Drivers/STM32F1xx_HAL_Driver/Src/stm32f1xx_ll_usb.o
 .debug_abbrev  0x0000153f      0x2d3 ./Middlewares/ST/STM32_USB_Device_Library/Class/CDC/Src/usbd_cdc.o
 .debug_abbrev  0x00001812      0x24a ./Middlewares/ST/STM32_USB_Device_Library/Core/Src/usbd_core.o
 .debug_abbrev  0x00001a5c      0x26b ./Middlewares/ST/STM32_USB_Device_Library/Core/Src/usbd_ctlreq.o
 .debug_abbrev  0x00001cc7      0x192 ./Middlewares/ST/STM32_USB_Device_Library/Core/Src/usbd_ioreq.o
 .debug_abbrev  0x00001e59      0x18d ./USB_DEVICE/App/usb_device.o
 .debug_abbrev  0x00001fe6      0x26c ./USB_DEVICE/App/usbd_cdc_if.o
 .debug_abbrev  0x00002252      0x1ff ./USB_DEVICE/App/usbd_desc.o
 .debug_abbrev  0x00002451      0x316 ./USB_DEVICE/Target/usbd_conf.o

.debug_aranges  0x00000000      0xa18
 .debug_aranges
                0x00000000       0x38 ./Core/Src/main.o
 .debug_aranges
                0x00000038       0x20 ./Core/Src/stm32f1xx_hal_msp.o
 .debug_aranges
                0x00000058       0x68 ./Core/Src/stm32f1xx_it.o
 .debug_aranges
                0x000000c0       0x28 ./Core/Src/system_stm32f1xx.o
 .debug_aranges
                0x000000e8       0x28 ./Core/Startup/startup_stm32f103c8tx.o
 .debug_aranges
                0x00000110       0xe0 ./Drivers/STM32F1xx_HAL_Driver/Src/stm32f1xx_hal.o
 .debug_aranges
                0x000001f0      0x100 ./Drivers/STM32F1xx_HAL_Driver/Src/stm32f1xx_hal_cortex.o
 .debug_aranges
                0x000002f0      0x140 ./Drivers/STM32F1xx_HAL_Driver/Src/stm32f1xx_hal_pcd.o
 .debug_aranges
                0x00000430       0x38 ./Drivers/STM32F1xx_HAL_Driver/Src/stm32f1xx_hal_pcd_ex.o
 .debug_aranges
                0x00000468       0x90 ./Drivers/STM32F1xx_HAL_Driver/Src/stm32f1xx_hal_rcc.o
 .debug_aranges
                0x000004f8       0x30 ./Drivers/STM32F1xx_HAL_Driver/Src/stm32f1xx_hal_rcc_ex.o
 .debug_aranges
                0x00000528       0xf8 ./Drivers/STM32F1xx_HAL_Driver/Src/stm32f1xx_ll_usb.o
 .debug_aranges
                0x00000620       0x90 ./Middlewares/ST/STM32_USB_Device_Library/Class/CDC/Src/usbd_cdc.o
 .debug_aranges
                0x000006b0       0xb8 ./Middlewares/ST/STM32_USB_Device_Library/Core/Src/usbd_core.o
 .debug_aranges
                0x00000768       0x88 ./Middlewares/ST/STM32_USB_Device_Library/Core/Src/usbd_ctlreq.o
 .debug_aranges
                0x000007f0       0x50 ./Middlewares/ST/STM32_USB_Device_Library/Core/Src/usbd_ioreq.o
 .debug_aranges
                0x00000840       0x20 ./USB_DEVICE/App/usb_device.o
 .debug_aranges
                0x00000860       0x40 ./USB_DEVICE/App/usbd_cdc_if.o
 .debug_aranges
                0x000008a0       0x60 ./USB_DEVICE/App/usbd_desc.o
 .debug_aranges
                0x00000900      0x118 ./USB_DEVICE/Target/usbd_conf.o

.debug_rnglists
                0x00000000      0x759
 .debug_rnglists
                0x00000000       0x26 ./Core/Src/main.o
 .debug_rnglists
                0x00000026       0x13 ./Core/Src/stm32f1xx_hal_msp.o
 .debug_rnglists
                0x00000039       0x49 ./Core/Src/stm32f1xx_it.o
 .debug_rnglists
                0x00000082       0x1a ./Core/Src/system_stm32f1xx.o
 .debug_rnglists
                0x0000009c       0x19 ./Core/Startup/startup_stm32f103c8tx.o
 .debug_rnglists
                0x000000b5       0xa3 ./Drivers/STM32F1xx_HAL_Driver/Src/stm32f1xx_hal.o
 .debug_rnglists
                0x00000158       0xbb ./Drivers/STM32F1xx_HAL_Driver/Src/stm32f1xx_hal_cortex.o
 .debug_rnglists
                0x00000213       0xf4 ./Drivers/STM32F1xx_HAL_Driver/Src/stm32f1xx_hal_pcd.o
 .debug_rnglists
                0x00000307       0x26 ./Drivers/STM32F1xx_HAL_Driver/Src/stm32f1xx_hal_pcd_ex.o
 .debug_rnglists
                0x0000032d       0x6c ./Drivers/STM32F1xx_HAL_Driver/Src/stm32f1xx_hal_rcc.o
 .debug_rnglists
                0x00000399       0x21 ./Drivers/STM32F1xx_HAL_Driver/Src/stm32f1xx_hal_rcc_ex.o
 .debug_rnglists
                0x000003ba       0xbd ./Drivers/STM32F1xx_HAL_Driver/Src/stm32f1xx_ll_usb.o
 .debug_rnglists
                0x00000477       0x6a ./Middlewares/ST/STM32_USB_Device_Library/Class/CDC/Src/usbd_cdc.o
 .debug_rnglists
                0x000004e1       0x89 ./Middlewares/ST/STM32_USB_Device_Library/Core/Src/usbd_core.o
 .debug_rnglists
                0x0000056a       0x68 ./Middlewares/ST/STM32_USB_Device_Library/Core/Src/usbd_ctlreq.o
 .debug_rnglists
                0x000005d2       0x37 ./Middlewares/ST/STM32_USB_Device_Library/Core/Src/usbd_ioreq.o
 .debug_rnglists
                0x00000609       0x13 ./USB_DEVICE/App/usb_device.o
 .debug_rnglists
                0x0000061c       0x2c ./USB_DEVICE/App/usbd_cdc_if.o
 .debug_rnglists
                0x00000648       0x43 ./USB_DEVICE/App/usbd_desc.o
 .debug_rnglists
                0x0000068b       0xce ./USB_DEVICE/Target/usbd_conf.o

.debug_macro    0x00000000    0x18e79
 .debug_macro   0x00000000      0x360 ./Core/Src/main.o
 .debug_macro   0x00000360      0xaa8 ./Core/Src/main.o
 .debug_macro   0x00000e08      0x215 ./Core/Src/main.o
 .debug_macro   0x0000101d       0x2e ./Core/Src/main.o
 .debug_macro   0x0000104b       0x22 ./Core/Src/main.o
 .debug_macro   0x0000106d       0x22 ./Core/Src/main.o
 .debug_macro   0x0000108f       0x8e ./Core/Src/main.o
 .debug_macro   0x0000111d       0x51 ./Core/Src/main.o
 .debug_macro   0x0000116e      0x103 ./Core/Src/main.o
 .debug_macro   0x00001271       0x6a ./Core/Src/main.o
 .debug_macro   0x000012db      0x1df ./Core/Src/main.o
 .debug_macro   0x000014ba       0x1c ./Core/Src/main.o
 .debug_macro   0x000014d6       0x22 ./Core/Src/main.o
 .debug_macro   0x000014f8       0xbd ./Core/Src/main.o
 .debug_macro   0x000015b5      0xd23 ./Core/Src/main.o
 .debug_macro   0x000022d8     0xe09e ./Core/Src/main.o
 .debug_macro   0x00010376       0x6d ./Core/Src/main.o
 .debug_macro   0x000103e3     0x34a2 ./Core/Src/main.o
 .debug_macro   0x00013885      0x189 ./Core/Src/main.o
 .debug_macro   0x00013a0e       0x5c ./Core/Src/main.o
 .debug_macro   0x00013a6a      0x5bc ./Core/Src/main.o
 .debug_macro   0x00014026      0x289 ./Core/Src/main.o
 .debug_macro   0x000142af      0x1cb ./Core/Src/main.o
 .debug_macro   0x0001447a      0x114 ./Core/Src/main.o
 .debug_macro   0x0001458e      0x1b2 ./Core/Src/main.o
 .debug_macro   0x00014740       0x27 ./Core/Src/main.o
 .debug_macro   0x00014767      0x136 ./Core/Src/main.o
 .debug_macro   0x0001489d      0x1bc ./Core/Src/main.o
 .debug_macro   0x00014a59       0x34 ./Core/Src/main.o
 .debug_macro   0x00014a8d       0x3c ./Core/Src/main.o
 .debug_macro   0x00014ac9       0x57 ./Core/Src/main.o
 .debug_macro   0x00014b20       0x87 ./Core/Src/main.o
 .debug_macro   0x00014ba7      0x240 ./Core/Src/main.o
 .debug_macro   0x00014de7      0x140 ./Core/Src/main.o
 .debug_macro   0x00014f27       0xb7 ./Core/Src/main.o
 .debug_macro   0x00014fde      0x242 ./Core/Src/main.o
 .debug_macro   0x00015220       0x83 ./Core/Src/main.o
 .debug_macro   0x000152a3       0x61 ./Core/Src/main.o
 .debug_macro   0x00015304       0x24 ./Core/Src/main.o
 .debug_macro   0x00015328       0x43 ./Core/Src/main.o
 .debug_macro   0x0001536b       0x34 ./Core/Src/main.o
 .debug_macro   0x0001539f       0x16 ./Core/Src/main.o
 .debug_macro   0x000153b5       0x35 ./Core/Src/main.o
 .debug_macro   0x000153ea      0x369 ./Core/Src/main.o
 .debug_macro   0x00015753       0x10 ./Core/Src/main.o
 .debug_macro   0x00015763       0x16 ./Core/Src/main.o
 .debug_macro   0x00015779       0x43 ./Core/Src/main.o
 .debug_macro   0x000157bc       0x34 ./Core/Src/main.o
 .debug_macro   0x000157f0       0x10 ./Core/Src/main.o
 .debug_macro   0x00015800       0x58 ./Core/Src/main.o
 .debug_macro   0x00015858       0x8e ./Core/Src/main.o
 .debug_macro   0x000158e6       0x1c ./Core/Src/main.o
 .debug_macro   0x00015902      0x177 ./Core/Src/main.o
 .debug_macro   0x00015a79       0x16 ./Core/Src/main.o
 .debug_macro   0x00015a8f       0x16 ./Core/Src/main.o
 .debug_macro   0x00015aa5      0x146 ./Core/Src/main.o
 .debug_macro   0x00015beb       0x16 ./Core/Src/main.o
 .debug_macro   0x00015c01       0x16 ./Core/Src/main.o
 .debug_macro   0x00015c17       0x29 ./Core/Src/main.o
 .debug_macro   0x00015c40       0x16 ./Core/Src/main.o
 .debug_macro   0x00015c56       0x20 ./Core/Src/main.o
 .debug_macro   0x00015c76       0x5f ./Core/Src/main.o
 .debug_macro   0x00015cd5      0x1c8 ./Core/Src/main.o
 .debug_macro   0x00015e9d       0x8f ./Core/Src/main.o
 .debug_macro   0x00015f2c       0x10 ./Core/Src/main.o
 .debug_macro   0x00015f3c      0x1b2 ./Core/Src/stm32f1xx_hal_msp.o
 .debug_macro   0x000160ee      0x1bc ./Core/Src/stm32f1xx_it.o
 .debug_macro   0x000162aa      0x1a8 ./Core/Src/system_stm32f1xx.o
 .debug_macro   0x00016452      0x1cc ./Drivers/STM32F1xx_HAL_Driver/Src/stm32f1xx_hal.o
 .debug_macro   0x0001661e      0x1a8 ./Drivers/STM32F1xx_HAL_Driver/Src/stm32f1xx_hal_cortex.o
 .debug_macro   0x000167c6      0x1b4 ./Drivers/STM32F1xx_HAL_Driver/Src/stm32f1xx_hal_pcd.o
 .debug_macro   0x0001697a      0x1a8 ./Drivers/STM32F1xx_HAL_Driver/Src/stm32f1xx_hal_pcd_ex.o
 .debug_macro   0x00016b22      0x1ba ./Drivers/STM32F1xx_HAL_Driver/Src/stm32f1xx_hal_rcc.o
 .debug_macro   0x00016cdc      0x1a8 ./Drivers/STM32F1xx_HAL_Driver/Src/stm32f1xx_hal_rcc_ex.o
 .debug_macro   0x00016e84      0x1a8 ./Drivers/STM32F1xx_HAL_Driver/Src/stm32f1xx_ll_usb.o
 .debug_macro   0x0001702c      0x341 ./Middlewares/ST/STM32_USB_Device_Library/Class/CDC/Src/usbd_cdc.o
 .debug_macro   0x0001736d       0x9e ./Middlewares/ST/STM32_USB_Device_Library/Class/CDC/Src/usbd_cdc.o
 .debug_macro   0x0001740b      0x10b ./Middlewares/ST/STM32_USB_Device_Library/Class/CDC/Src/usbd_cdc.o
 .debug_macro   0x00017516       0x56 ./Middlewares/ST/STM32_USB_Device_Library/Class/CDC/Src/usbd_cdc.o
 .debug_macro   0x0001756c      0x328 ./Middlewares/ST/STM32_USB_Device_Library/Core/Src/usbd_core.o
 .debug_macro   0x00017894      0x1ce ./Middlewares/ST/STM32_USB_Device_Library/Core/Src/usbd_core.o
 .debug_macro   0x00017a62      0x332 ./Middlewares/ST/STM32_USB_Device_Library/Core/Src/usbd_ctlreq.o
 .debug_macro   0x00017d94      0x32e ./Middlewares/ST/STM32_USB_Device_Library/Core/Src/usbd_ioreq.o
 .debug_macro   0x000180c2      0x367 ./USB_DEVICE/App/usb_device.o
 .debug_macro   0x00018429       0x22 ./USB_DEVICE/App/usb_device.o
 .debug_macro   0x0001844b       0x16 ./USB_DEVICE/App/usb_device.o
 .debug_macro   0x00018461      0x34c ./USB_DEVICE/App/usbd_cdc_if.o
 .debug_macro   0x000187ad      0x365 ./USB_DEVICE/App/usbd_desc.o
 .debug_macro   0x00018b12       0x1c ./USB_DEVICE/App/usbd_desc.o
 .debug_macro   0x00018b2e      0x34b ./USB_DEVICE/Target/usbd_conf.o

.debug_line     0x00000000     0xd9f9
 .debug_line    0x00000000      0xa5d ./Core/Src/main.o
 .debug_line    0x00000a5d      0x704 ./Core/Src/stm32f1xx_hal_msp.o
 .debug_line    0x00001161      0x7dd ./Core/Src/stm32f1xx_it.o
 .debug_line    0x0000193e      0x781 ./Core/Src/system_stm32f1xx.o
 .debug_line    0x000020bf       0x78 ./Core/Startup/startup_stm32f103c8tx.o
 .debug_line    0x00002137      0x9ae ./Drivers/STM32F1xx_HAL_Driver/Src/stm32f1xx_hal.o
 .debug_line    0x00002ae5      0xb9a ./Drivers/STM32F1xx_HAL_Driver/Src/stm32f1xx_hal_cortex.o
 .debug_line    0x0000367f     0x1403 ./Drivers/STM32F1xx_HAL_Driver/Src/stm32f1xx_hal_pcd.o
 .debug_line    0x00004a82      0x77c ./Drivers/STM32F1xx_HAL_Driver/Src/stm32f1xx_hal_pcd_ex.o
 .debug_line    0x000051fe      0xdb7 ./Drivers/STM32F1xx_HAL_Driver/Src/stm32f1xx_hal_rcc.o
 .debug_line    0x00005fb5      0x8f8 ./Drivers/STM32F1xx_HAL_Driver/Src/stm32f1xx_hal_rcc_ex.o
 .debug_line    0x000068ad     0x107f ./Drivers/STM32F1xx_HAL_Driver/Src/stm32f1xx_ll_usb.o
 .debug_line    0x0000792c      0xd06 ./Middlewares/ST/STM32_USB_Device_Library/Class/CDC/Src/usbd_cdc.o
 .debug_line    0x00008632      0xd82 ./Middlewares/ST/STM32_USB_Device_Library/Core/Src/usbd_core.o
 .debug_line    0x000093b4      0xfc2 ./Middlewares/ST/STM32_USB_Device_Library/Core/Src/usbd_ctlreq.o
 .debug_line    0x0000a376      0xa18 ./Middlewares/ST/STM32_USB_Device_Library/Core/Src/usbd_ioreq.o
 .debug_line    0x0000ad8e      0x9d8 ./USB_DEVICE/App/usb_device.o
 .debug_line    0x0000b766      0xa32 ./USB_DEVICE/App/usbd_cdc_if.o
 .debug_line    0x0000c198      0xaa1 ./USB_DEVICE/App/usbd_desc.o
 .debug_line    0x0000cc39      0xdc0 ./USB_DEVICE/Target/usbd_conf.o

.debug_str      0x00000000    0x842d1
 .debug_str     0x00000000    0x81b18 ./Core/Src/main.o
                              0x81ea7 (size before relaxing)
 .debug_str     0x00081b18       0x5a ./Core/Src/stm32f1xx_hal_msp.o
                              0x7d72d (size before relaxing)
 .debug_str     0x00081b72      0x41e ./Core/Src/stm32f1xx_it.o
                              0x7db0c (size before relaxing)
 .debug_str     0x00081f90       0x7e ./Core/Src/system_stm32f1xx.o
                              0x7d758 (size before relaxing)
 .debug_str     0x0008200e       0x44 ./Core/Startup/startup_stm32f103c8tx.o
                                 0x6a (size before relaxing)
 .debug_str     0x00082052      0x607 ./Drivers/STM32F1xx_HAL_Driver/Src/stm32f1xx_hal.o
                              0x7de8b (size before relaxing)
 .debug_str     0x00082659      0x293 ./Drivers/STM32F1xx_HAL_Driver/Src/stm32f1xx_hal_cortex.o
                              0x7ddd7 (size before relaxing)
 .debug_str     0x000828ec      0x5da ./Drivers/STM32F1xx_HAL_Driver/Src/stm32f1xx_hal_pcd.o
                              0x7e075 (size before relaxing)
 .debug_str     0x00082ec6      0x170 ./Drivers/STM32F1xx_HAL_Driver/Src/stm32f1xx_hal_pcd_ex.o
                              0x7dbd7 (size before relaxing)
 .debug_str     0x00083036      0x264 ./Drivers/STM32F1xx_HAL_Driver/Src/stm32f1xx_hal_rcc.o
                              0x7db87 (size before relaxing)
 .debug_str     0x0008329a       0x9f ./Drivers/STM32F1xx_HAL_Driver/Src/stm32f1xx_hal_rcc_ex.o
                              0x7d8d7 (size before relaxing)
 .debug_str     0x00083339      0x129 ./Drivers/STM32F1xx_HAL_Driver/Src/stm32f1xx_ll_usb.o
                              0x7dc29 (size before relaxing)
 .debug_str     0x00083462      0x645 ./Middlewares/ST/STM32_USB_Device_Library/Class/CDC/Src/usbd_cdc.o
                              0x82621 (size before relaxing)
 .debug_str     0x00083aa7      0x281 ./Middlewares/ST/STM32_USB_Device_Library/Core/Src/usbd_core.o
                              0x81f51 (size before relaxing)
 .debug_str     0x00083d28      0x120 ./Middlewares/ST/STM32_USB_Device_Library/Core/Src/usbd_ctlreq.o
                              0x81e6b (size before relaxing)
 .debug_str     0x00083e48       0x51 ./Middlewares/ST/STM32_USB_Device_Library/Core/Src/usbd_ioreq.o
                              0x81d98 (size before relaxing)
 .debug_str     0x00083e99       0xc6 ./USB_DEVICE/App/usb_device.o
                              0x82123 (size before relaxing)
 .debug_str     0x00083f5f       0xa2 ./USB_DEVICE/App/usbd_cdc_if.o
                              0x82177 (size before relaxing)
 .debug_str     0x00084001      0x258 ./USB_DEVICE/App/usbd_desc.o
                              0x81cd4 (size before relaxing)
 .debug_str     0x00084259       0x78 ./USB_DEVICE/Target/usbd_conf.o
                              0x82bae (size before relaxing)

.comment        0x00000000       0x43
 .comment       0x00000000       0x43 ./Core/Src/main.o
                                 0x44 (size before relaxing)
 .comment       0x00000043       0x44 ./Core/Src/stm32f1xx_hal_msp.o
 .comment       0x00000043       0x44 ./Core/Src/stm32f1xx_it.o
 .comment       0x00000043       0x44 ./Core/Src/system_stm32f1xx.o
 .comment       0x00000043       0x44 ./Drivers/STM32F1xx_HAL_Driver/Src/stm32f1xx_hal.o
 .comment       0x00000043       0x44 ./Drivers/STM32F1xx_HAL_Driver/Src/stm32f1xx_hal_cortex.o
 .comment       0x00000043       0x44 ./Drivers/STM32F1xx_HAL_Driver/Src/stm32f1xx_hal_pcd.o
 .comment       0x00000043       0x44 ./Drivers/STM32F1xx_HAL_Driver/Src/stm32f1xx_hal_pcd_ex.o
 .comment       0x00000043       0x44 ./Drivers/STM32F1xx_HAL_Driver/Src/stm32f1xx_hal_rcc.o
 .comment       0x00000043       0x44 ./Drivers/STM32F1xx_HAL_Driver/Src/stm32f1xx_hal_rcc_ex.o
 .comment       0x00000043       0x44 ./Drivers/STM32F1xx_HAL_Driver/Src/stm32f1xx_ll_usb.o
 .comment       0x00000043       0x44 ./Middlewares/ST/STM32_USB_Device_Library/Class/CDC/Src/usbd_cdc.o
 .comment       0x00000043       0x44 ./Middlewares/ST/STM32_USB_Device_Library/Core/Src/usbd_core.o
 .comment       0x00000043       0x44 ./Middlewares/ST/STM32_USB_Device_Library/Core/Src/usbd_ctlreq.o
 .comment       0x00000043       0x44 ./Middlewares/ST/STM32_USB_Device_Library/Core/Src/usbd_ioreq.o
 .comment       0x00000043       0x44 ./USB_DEVICE/App/usb_device.o
 .comment       0x00000043       0x44 ./USB_DEVICE/App/usbd_cdc_if.o
 .comment       0x00000043       0x44 ./USB_DEVICE/App/usbd_desc.o
 .comment       0x00000043       0x44 ./USB_DEVICE/Target/usbd_conf.o

.debug_frame    0x00000000     0x26d4
 .debug_frame   0x00000000       0x90 ./Core/Src/main.o
 .debug_frame   0x00000090       0x38 ./Core/Src/stm32f1xx_hal_msp.o
 .debug_frame   0x000000c8      0x120 ./Core/Src/stm32f1xx_it.o
 .debug_frame   0x000001e8       0x58 ./Core/Src/system_stm32f1xx.o
 .debug_frame   0x00000240      0x334 ./Drivers/STM32F1xx_HAL_Driver/Src/stm32f1xx_hal.o
 .debug_frame   0x00000574      0x428 ./Drivers/STM32F1xx_HAL_Driver/Src/stm32f1xx_hal_cortex.o
 .debug_frame   0x0000099c      0x594 ./Drivers/STM32F1xx_HAL_Driver/Src/stm32f1xx_hal_pcd.o
 .debug_frame   0x00000f30       0xb0 ./Drivers/STM32F1xx_HAL_Driver/Src/stm32f1xx_hal_pcd_ex.o
 .debug_frame   0x00000fe0      0x218 ./Drivers/STM32F1xx_HAL_Driver/Src/stm32f1xx_hal_rcc.o
 .debug_frame   0x000011f8       0x80 ./Drivers/STM32F1xx_HAL_Driver/Src/stm32f1xx_hal_rcc_ex.o
 .debug_frame   0x00001278      0x470 ./Drivers/STM32F1xx_HAL_Driver/Src/stm32f1xx_ll_usb.o
 .debug_frame   0x000016e8      0x248 ./Middlewares/ST/STM32_USB_Device_Library/Class/CDC/Src/usbd_cdc.o
 .debug_frame   0x00001930      0x300 ./Middlewares/ST/STM32_USB_Device_Library/Core/Src/usbd_core.o
 .debug_frame   0x00001c30      0x218 ./Middlewares/ST/STM32_USB_Device_Library/Core/Src/usbd_ctlreq.o
 .debug_frame   0x00001e48      0x10c ./Middlewares/ST/STM32_USB_Device_Library/Core/Src/usbd_ioreq.o
 .debug_frame   0x00001f54       0x2c ./USB_DEVICE/App/usb_device.o
 .debug_frame   0x00001f80       0xbc ./USB_DEVICE/App/usbd_cdc_if.o
 .debug_frame   0x0000203c      0x160 ./USB_DEVICE/App/usbd_desc.o
 .debug_frame   0x0000219c      0x4a4 ./USB_DEVICE/Target/usbd_conf.o
 .debug_frame   0x00002640       0x20 C:/ST/STM32CubeIDE_1.16.1/STM32CubeIDE/plugins/com.st.stm32cube.ide.mcu.externaltools.gnu-tools-for-stm32.12.3.rel1.win32_1.0.200.202406191623/tools/bin/../lib/gcc/arm-none-eabi/12.3.1/../../../../arm-none-eabi/lib/thumb/v7-m/nofp\libc_nano.a(libc_a-memset.o)
 .debug_frame   0x00002660       0x2c C:/ST/STM32CubeIDE_1.16.1/STM32CubeIDE/plugins/com.st.stm32cube.ide.mcu.externaltools.gnu-tools-for-stm32.12.3.rel1.win32_1.0.200.202406191623/tools/bin/../lib/gcc/arm-none-eabi/12.3.1/../../../../arm-none-eabi/lib/thumb/v7-m/nofp\libc_nano.a(libc_a-init.o)
 .debug_frame   0x0000268c       0x20 C:/ST/STM32CubeIDE_1.16.1/STM32CubeIDE/plugins/com.st.stm32cube.ide.mcu.externaltools.gnu-tools-for-stm32.12.3.rel1.win32_1.0.200.202406191623/tools/bin/../lib/gcc/arm-none-eabi/12.3.1/../../../../arm-none-eabi/lib/thumb/v7-m/nofp\libc_nano.a(libc_a-strcmp.o)
 .debug_frame   0x000026ac       0x28 C:/ST/STM32CubeIDE_1.16.1/STM32CubeIDE/plugins/com.st.stm32cube.ide.mcu.externaltools.gnu-tools-for-stm32.12.3.rel1.win32_1.0.200.202406191623/tools/bin/../lib/gcc/arm-none-eabi/12.3.1/../../../../arm-none-eabi/lib/thumb/v7-m/nofp\libc_nano.a(libc_a-memcpy-stub.o)

.debug_line_str
                0x00000000       0x4e
 .debug_line_str
                0x00000000       0x4e ./Core/Startup/startup_stm32f103c8tx.o
